{"time":"2026-08-28T08:54:19.280368318+02:00","level":"INFO","msg":"wandb-core"}
{"time":"2026-08-28T08:54:19.280629178+02:00","level":"INFO","msg":"stream: starting","core version":"0.26.1"}
{"time":"2026-08-28T08:54:19.890261933+02:00","level":"INFO","msg":"stream: created new stream","id":"91k0pnqa"}
{"time":"2026-08-28T08:54:19.890436305+02:00","level":"INFO","msg":"handler: started"}
{"time":"2026-08-28T08:54:19.890471435+02:00","level":"INFO","msg":"sender: started"}
{"time":"2026-08-28T08:54:19.890443494+02:00","level":"INFO","msg":"stream: started"}
{"time":"2026-08-28T08:54:19.89047336+02:00","level":"INFO","msg":"writer: started","stream_id":"91k0pnqa"}
{"time":"2026-08-28T08:54:20.725547732+02:00","level":"ERROR","msg":"git repo not found","error":"repository does not exist"}
{"time":"2026-08-28T08:54:20.774705812+02:00","level":"INFO","msg":"filestream: sending request","total_files":1,"console_offset":0,"console_lines":1}
{"time":"2026-08-28T08:54:21.321535858+02:00","level":"INFO","msg":"filestream: request sent","status":"200 OK"}
{"time":"2026-08-28T08:54:35.775394048+02:00","level":"INFO","msg":"filestream: sending request","total_files":4,"history_offset":0,"history_lines":10,"events_offset":0,"events_lines":2,"console_offset":1,"console_lines":16,"uploaded_len":4}
{"time":"2026-08-28T08:54:36.127410598+02:00","level":"INFO","msg":"filestream: request sent","status":"200 OK"}
{"time":"2026-08-28T08:54:50.774982076+02:00","level":"INFO","msg":"filestream: sending request","total_files":4,"history_offset":10,"history_lines":12,"events_offset":2,"events_lines":2,"console_offset":17,"console_lines":5}
{"time":"2026-08-28T08:54:51.147659549+02:00","level":"INFO","msg":"filestream: request sent","status":"200 OK"}
{"time":"2026-08-28T08:55:05.775486816+02:00","level":"INFO","msg":"filestream: sending request","total_files":4,"history_offset":22,"history_lines":11,"events_offset":4,"events_lines":2,"console_offset":22,"console_lines":4}
{"time":"2026-08-28T08:55:06.168342184+02:00","level":"INFO","msg":"filestream: request sent","status":"200 OK"}
{"time":"2026-08-28T08:55:20.775391582+02:00","level":"INFO","msg":"filestream: sending request","total_files":4,"history_offset":33,"history_lines":27,"events_offset":6,"events_lines":2,"console_offset":26,"console_lines":4}
{"time":"2026-08-28T08:55:21.153307718+02:00","level":"INFO","msg":"filestream: request sent","status":"200 OK"}
{"time":"2026-08-28T08:55:35.774937794+02:00","level":"INFO","msg":"filestream: sending request","total_files":4,"history_offset":60,"history_lines":12,"events_offset":8,"events_lines":2,"console_offset":30,"console_lines":3}
{"time":"2026-08-28T08:55:36.110039265+02:00","level":"INFO","msg":"filestream: request sent","status":"200 OK"}
{"time":"2026-08-28T08:55:50.775440133+02:00","level":"INFO","msg":"filestream: sending request","total_files":4,"history_offset":72,"history_lines":9,"events_offset":10,"events_lines":2,"console_offset":33,"console_lines":3}
{"time":"2026-08-28T08:55:51.135055412+02:00","level":"INFO","msg":"filestream: request sent","status":"200 OK"}
{"time":"2026-08-28T08:56:05.774924274+02:00","level":"INFO","msg":"filestream: sending request","total_files":4,"history_offset":81,"history_lines":11,"events_offset":12,"events_lines":2,"console_offset":36,"console_lines":3}
{"time":"2026-08-28T08:56:06.166245965+02:00","level":"INFO","msg":"filestream: request sent","status":"200 OK"}
{"time":"2026-08-28T08:56:20.775667375+02:00","level":"INFO","msg":"filestream: sending request","total_files":4,"history_offset":92,"history_lines":6,"events_offset":14,"events_lines":2,"console_offset":39,"console_lines":2}
{"time":"2026-08-28T08:56:21.109913803+02:00","level":"INFO","msg":"filestream: request sent","status":"200 OK"}
{"time":"2026-08-28T08:56:35.775130856+02:00","level":"INFO","msg":"filestream: sending request","total_files":4,"history_offset":98,"history_lines":5,"events_offset":16,"events_lines":2,"console_offset":41,"console_lines":2}
{"time":"2026-08-28T08:56:36.166637272+02:00","level":"INFO","msg":"filestream: request sent","status":"200 OK"}
{"time":"2026-08-28T08:56:50.774843012+02:00","level":"INFO","msg":"filestream: sending request","total_files":4,"history_offset":103,"history_lines":18,"events_offset":18,"events_lines":2,"console_offset":43,"console_lines":3}
{"time":"2026-08-28T08:56:51.125112259+02:00","level":"INFO","msg":"filestream: request sent","status":"200 OK"}
{"time":"2026-08-28T08:57:05.775284874+02:00","level":"INFO","msg":"filestream: sending request","total_files":4,"history_offset":121,"history_lines":7,"events_offset":20,"events_lines":2,"console_offset":46,"console_lines":2}
{"time":"2026-08-28T08:57:06.121316242+02:00","level":"INFO","msg":"filestream: request sent","status":"200 OK"}
{"time":"2026-08-28T08:57:20.775074916+02:00","level":"INFO","msg":"filestream: sending request","total_files":4,"history_offset":128,"history_lines":6,"events_offset":22,"events_lines":2,"console_offset":48,"console_lines":2}
{"time":"2026-08-28T08:57:21.119937829+02:00","level":"INFO","msg":"filestream: request sent","status":"200 OK"}
{"time":"2026-08-28T08:57:35.775635275+02:00","level":"INFO","msg":"filestream: sending request","total_files":4,"history_offset":134,"history_lines":10,"events_offset":24,"events_lines":2,"console_offset":50,"console_lines":2}
{"time":"2026-08-28T08:57:36.133076659+02:00","level":"INFO","msg":"filestream: request sent","status":"200 OK"}
{"time":"2026-08-28T08:57:50.775513142+02:00","level":"INFO","msg":"filestream: sending request","total_files":4,"history_offset":144,"history_lines":8,"events_offset":26,"events_lines":2,"console_offset":52,"console_lines":2}
{"time":"2026-08-28T08:57:51.11260334+02:00","level":"INFO","msg":"filestream: request sent","status":"200 OK"}
{"time":"2026-08-28T08:58:05.775583741+02:00","level":"INFO","msg":"filestream: sending request","total_files":4,"history_offset":152,"history_lines":7,"events_offset":28,"events_lines":2,"console_offset":54,"console_lines":2}
{"time":"2026-08-28T08:58:06.147970876+02:00","level":"INFO","msg":"filestream: request sent","status":"200 OK"}
{"time":"2026-08-28T08:58:20.77570413+02:00","level":"INFO","msg":"filestream: sending request","total_files":4,"history_offset":159,"history_lines":7,"events_offset":30,"events_lines":2,"console_offset":56,"console_lines":2}
{"time":"2026-08-28T08:58:21.119623959+02:00","level":"INFO","msg":"filestream: request sent","status":"200 OK"}
{"time":"2026-08-28T08:58:35.775566401+02:00","level":"INFO","msg":"filestream: sending request","total_files":4,"history_offset":166,"history_lines":9,"events_offset":32,"events_lines":2,"console_offset":58,"console_lines":2}
{"time":"2026-08-28T08:58:36.131854261+02:00","level":"INFO","msg":"filestream: request sent","status":"200 OK"}
{"time":"2026-08-28T08:58:50.774788218+02:00","level":"INFO","msg":"filestream: sending request","total_files":4,"history_offset":175,"history_lines":7,"events_offset":34,"events_lines":2,"console_offset":60,"console_lines":2}
{"time":"2026-08-28T08:58:51.11029736+02:00","level":"INFO","msg":"filestream: request sent","status":"200 OK"}
{"time":"2026-08-28T08:59:05.775461892+02:00","level":"INFO","msg":"filestream: sending request","total_files":4,"history_offset":182,"history_lines":11,"events_offset":36,"events_lines":2,"console_offset":62,"console_lines":3}
{"time":"2026-08-28T08:59:06.16501564+02:00","level":"INFO","msg":"filestream: request sent","status":"200 OK"}
{"time":"2026-08-28T08:59:20.775127587+02:00","level":"INFO","msg":"filestream: sending request","total_files":4,"history_offset":193,"history_lines":5,"events_offset":38,"events_lines":2,"console_offset":65,"console_lines":2}
{"time":"2026-08-28T08:59:21.111620236+02:00","level":"INFO","msg":"filestream: request sent","status":"200 OK"}
{"time":"2026-08-28T08:59:35.774800681+02:00","level":"INFO","msg":"filestream: sending request","total_files":4,"history_offset":198,"history_lines":12,"events_offset":40,"events_lines":2,"console_offset":67,"console_lines":2}
{"time":"2026-08-28T08:59:36.098095197+02:00","level":"INFO","msg":"filestream: request sent","status":"200 OK"}
{"time":"2026-08-28T08:59:50.775701515+02:00","level":"INFO","msg":"filestream: sending request","total_files":4,"history_offset":210,"history_lines":8,"events_offset":42,"events_lines":2,"console_offset":69,"console_lines":2}
{"time":"2026-08-28T08:59:51.116703851+02:00","level":"INFO","msg":"filestream: request sent","status":"200 OK"}
{"time":"2026-08-28T09:00:05.77489556+02:00","level":"INFO","msg":"filestream: sending request","total_files":4,"history_offset":218,"history_lines":7,"events_offset":44,"events_lines":2,"console_offset":71,"console_lines":2}
{"time":"2026-08-28T09:00:06.125729721+02:00","level":"INFO","msg":"filestream: request sent","status":"200 OK"}
{"time":"2026-08-28T09:00:20.775009582+02:00","level":"INFO","msg":"filestream: sending request","total_files":4,"history_offset":225,"history_lines":8,"events_offset":46,"events_lines":2,"console_offset":73,"console_lines":2}
{"time":"2026-08-28T09:00:21.144040259+02:00","level":"INFO","msg":"filestream: request sent","status":"200 OK"}
{"time":"2026-08-28T09:00:35.775491676+02:00","level":"INFO","msg":"filestream: sending request","total_files":4,"history_offset":233,"history_lines":2,"events_offset":48,"events_lines":2,"console_offset":75,"console_lines":4}
{"time":"2026-08-28T09:00:36.146819214+02:00","level":"INFO","msg":"filestream: request sent","status":"200 OK"}
{"time":"2026-08-28T09:00:50.775567525+02:00","level":"INFO","msg":"filestream: sending request","total_files":1,"events_offset":50,"events_lines":2,"uploaded_len":1}
{"time":"2026-08-28T09:00:51.101243252+02:00","level":"INFO","msg":"filestream: request sent","status":"200 OK"}
{"time":"2026-08-28T09:01:05.77569766+02:00","level":"INFO","msg":"filestream: sending request","total_files":1,"events_offset":52,"events_lines":2}
{"time":"2026-08-28T09:01:06.153663278+02:00","level":"INFO","msg":"filestream: request sent","status":"200 OK"}
{"time":"2026-08-28T09:01:20.775672372+02:00","level":"INFO","msg":"filestream: sending request","total_files":1,"events_offset":54,"events_lines":2}
{"time":"2026-08-28T09:01:21.159193922+02:00","level":"INFO","msg":"filestream: request sent","status":"200 OK"}
{"time":"2026-08-28T09:01:35.775034109+02:00","level":"INFO","msg":"filestream: sending request","total_files":1,"events_offset":56,"events_lines":2}
{"time":"2026-08-28T09:01:36.131450709+02:00","level":"INFO","msg":"filestream: request sent","status":"200 OK"}
{"time":"2026-08-28T09:01:50.77556476+02:00","level":"INFO","msg":"filestream: sending request","total_files":1,"events_offset":58,"events_lines":2}
{"time":"2026-08-28T09:01:51.115407309+02:00","level":"INFO","msg":"filestream: request sent","status":"200 OK"}
{"time":"2026-08-28T09:02:05.775200373+02:00","level":"INFO","msg":"filestream: sending request","total_files":1,"events_offset":60,"events_lines":2}
{"time":"2026-08-28T09:02:06.169664643+02:00","level":"INFO","msg":"filestream: request sent","status":"200 OK"}
{"time":"2026-08-28T09:02:20.775152821+02:00","level":"INFO","msg":"filestream: sending request","total_files":1,"events_offset":62,"events_lines":2}
{"time":"2026-08-28T09:02:21.114984358+02:00","level":"INFO","msg":"filestream: request sent","status":"200 OK"}
{"time":"2026-08-28T09:02:35.775115698+02:00","level":"INFO","msg":"filestream: sending request","total_files":1,"events_offset":64,"events_lines":2}
{"time":"2026-08-28T09:02:36.848094858+02:00","level":"INFO","msg":"filestream: request sent","status":"200 OK"}
{"time":"2026-08-28T09:02:50.774977164+02:00","level":"INFO","msg":"filestream: sending request","total_files":1,"events_offset":66,"events_lines":2}
{"time":"2026-08-28T09:02:51.114145396+02:00","level":"INFO","msg":"filestream: request sent","status":"200 OK"}
{"time":"2026-08-28T09:03:05.774941813+02:00","level":"INFO","msg":"filestream: sending request","total_files":1,"events_offset":68,"events_lines":2}
{"time":"2026-08-28T09:03:06.143531555+02:00","level":"INFO","msg":"filestream: request sent","status":"200 OK"}
{"time":"2026-08-28T09:03:20.77556765+02:00","level":"INFO","msg":"filestream: sending request","total_files":1,"events_offset":70,"events_lines":2}
{"time":"2026-08-28T09:03:21.119674573+02:00","level":"INFO","msg":"filestream: request sent","status":"200 OK"}
{"time":"2026-08-28T09:03:35.775404177+02:00","level":"INFO","msg":"filestream: sending request","total_files":1,"events_offset":72,"events_lines":2}
{"time":"2026-08-28T09:03:36.231593803+02:00","level":"INFO","msg":"filestream: request sent","status":"200 OK"}
{"time":"2026-08-28T09:03:50.774923339+02:00","level":"INFO","msg":"filestream: sending request","total_files":1,"events_offset":74,"events_lines":2}
{"time":"2026-08-28T09:03:51.143857899+02:00","level":"INFO","msg":"filestream: request sent","status":"200 OK"}
{"time":"2026-08-28T09:04:05.774916896+02:00","level":"INFO","msg":"filestream: sending request","total_files":1,"events_offset":76,"events_lines":2}
{"time":"2026-08-28T09:04:06.129000622+02:00","level":"INFO","msg":"filestream: request sent","status":"200 OK"}
{"time":"2026-08-28T09:04:20.775886276+02:00","level":"INFO","msg":"filestream: sending request","total_files":4,"history_offset":235,"history_lines":1,"events_offset":78,"events_lines":2,"console_offset":79,"console_lines":1}
{"time":"2026-08-28T09:04:21.138614033+02:00","level":"INFO","msg":"filestream: request sent","status":"200 OK"}
{"time":"2026-08-28T09:04:35.775139518+02:00","level":"INFO","msg":"filestream: sending request","total_files":4,"history_offset":236,"history_lines":8,"events_offset":80,"events_lines":2,"console_offset":80,"console_lines":2}
{"time":"2026-08-28T09:04:36.122620616+02:00","level":"INFO","msg":"filestream: request sent","status":"200 OK"}
{"time":"2026-08-28T09:04:50.775394485+02:00","level":"INFO","msg":"filestream: sending request","total_files":4,"history_offset":244,"history_lines":5,"events_offset":82,"events_lines":2,"console_offset":82,"console_lines":2}
{"time":"2026-08-28T09:04:51.134708878+02:00","level":"INFO","msg":"filestream: request sent","status":"200 OK"}
{"time":"2026-08-28T09:05:05.774813604+02:00","level":"INFO","msg":"filestream: sending request","total_files":4,"history_offset":249,"history_lines":12,"events_offset":84,"events_lines":2,"console_offset":84,"console_lines":3}
{"time":"2026-08-28T09:05:06.167154505+02:00","level":"INFO","msg":"filestream: request sent","status":"200 OK"}
{"time":"2026-08-28T09:05:20.775243331+02:00","level":"INFO","msg":"filestream: sending request","total_files":4,"history_offset":261,"history_lines":9,"events_offset":86,"events_lines":2,"console_offset":87,"console_lines":2}
{"time":"2026-08-28T09:05:21.167911707+02:00","level":"INFO","msg":"filestream: request sent","status":"200 OK"}
{"time":"2026-08-28T09:05:35.775261664+02:00","level":"INFO","msg":"filestream: sending request","total_files":4,"history_offset":270,"history_lines":10,"events_offset":88,"events_lines":2,"console_offset":89,"console_lines":2}
{"time":"2026-08-28T09:05:36.136639504+02:00","level":"INFO","msg":"filestream: request sent","status":"200 OK"}
{"time":"2026-08-28T09:05:50.775817709+02:00","level":"INFO","msg":"filestream: sending request","total_files":4,"history_offset":280,"history_lines":7,"events_offset":90,"events_lines":2,"console_offset":91,"console_lines":2}
{"time":"2026-08-28T09:05:51.118409954+02:00","level":"INFO","msg":"filestream: request sent","status":"200 OK"}
{"time":"2026-08-28T09:06:05.775179661+02:00","level":"INFO","msg":"filestream: sending request","total_files":4,"history_offset":287,"history_lines":9,"events_offset":92,"events_lines":2,"console_offset":93,"console_lines":2}
{"time":"2026-08-28T09:06:06.165140218+02:00","level":"INFO","msg":"filestream: request sent","status":"200 OK"}
{"time":"2026-08-28T09:06:20.774966117+02:00","level":"INFO","msg":"filestream: sending request","total_files":4,"history_offset":296,"history_lines":6,"events_offset":94,"events_lines":2,"console_offset":95,"console_lines":2}
{"time":"2026-08-28T09:06:21.138112632+02:00","level":"INFO","msg":"filestream: request sent","status":"200 OK"}
{"time":"2026-08-28T09:06:35.774953079+02:00","level":"INFO","msg":"filestream: sending request","total_files":4,"history_offset":302,"history_lines":6,"events_offset":96,"events_lines":2,"console_offset":97,"console_lines":2}
{"time":"2026-08-28T09:06:36.217961854+02:00","level":"INFO","msg":"filestream: request sent","status":"200 OK"}
{"time":"2026-08-28T09:06:50.774945637+02:00","level":"INFO","msg":"filestream: sending request","total_files":4,"history_offset":308,"history_lines":7,"events_offset":98,"events_lines":2,"console_offset":99,"console_lines":2}
{"time":"2026-08-28T09:06:51.135155179+02:00","level":"INFO","msg":"filestream: request sent","status":"200 OK"}
{"time":"2026-08-28T09:07:05.777860359+02:00","level":"INFO","msg":"filestream: sending request","total_files":4,"history_offset":315,"history_lines":8,"events_offset":100,"events_lines":2,"console_offset":101,"console_lines":2}
{"time":"2026-08-28T09:07:06.159209284+02:00","level":"INFO","msg":"filestream: request sent","status":"200 OK"}
{"time":"2026-08-28T09:07:20.775083219+02:00","level":"INFO","msg":"filestream: sending request","total_files":4,"history_offset":323,"history_lines":8,"events_offset":102,"events_lines":2,"console_offset":103,"console_lines":2}
{"time":"2026-08-28T09:07:21.148912528+02:00","level":"INFO","msg":"filestream: request sent","status":"200 OK"}
{"time":"2026-08-28T09:07:35.775329001+02:00","level":"INFO","msg":"filestream: sending request","total_files":4,"history_offset":331,"history_lines":9,"events_offset":104,"events_lines":2,"console_offset":105,"console_lines":2}
{"time":"2026-08-28T09:07:36.137137528+02:00","level":"INFO","msg":"filestream: request sent","status":"200 OK"}
{"time":"2026-08-28T09:07:50.774993862+02:00","level":"INFO","msg":"filestream: sending request","total_files":4,"history_offset":340,"history_lines":10,"events_offset":106,"events_lines":2,"console_offset":107,"console_lines":2}
{"time":"2026-08-28T09:07:51.137059183+02:00","level":"INFO","msg":"filestream: request sent","status":"200 OK"}
{"time":"2026-08-28T09:08:05.775310179+02:00","level":"INFO","msg":"filestream: sending request","total_files":4,"history_offset":350,"history_lines":7,"events_offset":108,"events_lines":2,"console_offset":109,"console_lines":2}
{"time":"2026-08-28T09:08:06.125537247+02:00","level":"INFO","msg":"filestream: request sent","status":"200 OK"}
{"time":"2026-08-28T09:08:20.775013094+02:00","level":"INFO","msg":"filestream: sending request","total_files":4,"history_offset":357,"history_lines":6,"events_offset":110,"events_lines":2,"console_offset":111,"console_lines":2}
{"time":"2026-08-28T09:08:21.118527643+02:00","level":"INFO","msg":"filestream: request sent","status":"200 OK"}
{"time":"2026-08-28T09:08:35.775080095+02:00","level":"INFO","msg":"filestream: sending request","total_files":4,"history_offset":363,"history_lines":7,"events_offset":112,"events_lines":2,"console_offset":113,"console_lines":2}
{"time":"2026-08-28T09:08:36.10844602+02:00","level":"INFO","msg":"filestream: request sent","status":"200 OK"}
{"time":"2026-08-28T09:08:50.775419444+02:00","level":"INFO","msg":"filestream: sending request","total_files":4,"history_offset":370,"history_lines":9,"events_offset":114,"events_lines":2,"console_offset":115,"console_lines":2}
{"time":"2026-08-28T09:08:51.099966138+02:00","level":"INFO","msg":"filestream: request sent","status":"200 OK"}
{"time":"2026-08-28T09:09:05.776224213+02:00","level":"INFO","msg":"filestream: sending request","total_files":4,"history_offset":379,"history_lines":9,"events_offset":116,"events_lines":2,"console_offset":117,"console_lines":2}
{"time":"2026-08-28T09:09:06.11995296+02:00","level":"INFO","msg":"filestream: request sent","status":"200 OK"}
{"time":"2026-08-28T09:09:20.775177984+02:00","level":"INFO","msg":"filestream: sending request","total_files":4,"history_offset":388,"history_lines":10,"events_offset":118,"events_lines":2,"console_offset":119,"console_lines":2}
{"time":"2026-08-28T09:09:21.146291845+02:00","level":"INFO","msg":"filestream: request sent","status":"200 OK"}
{"time":"2026-08-28T09:09:35.775725265+02:00","level":"INFO","msg":"filestream: sending request","total_files":4,"history_offset":398,"history_lines":9,"events_offset":120,"events_lines":2,"console_offset":121,"console_lines":2}
{"time":"2026-08-28T09:09:36.120523557+02:00","level":"INFO","msg":"filestream: request sent","status":"200 OK"}
{"time":"2026-08-28T09:09:50.774766006+02:00","level":"INFO","msg":"filestream: sending request","total_files":4,"history_offset":407,"history_lines":10,"events_offset":122,"events_lines":2,"console_offset":123,"console_lines":2}
{"time":"2026-08-28T09:09:51.113001716+02:00","level":"INFO","msg":"filestream: request sent","status":"200 OK"}
{"time":"2026-08-28T09:10:05.775440962+02:00","level":"INFO","msg":"filestream: sending request","total_files":4,"history_offset":417,"history_lines":6,"events_offset":124,"events_lines":2,"console_offset":125,"console_lines":2}
{"time":"2026-08-28T09:10:06.180852401+02:00","level":"INFO","msg":"filestream: request sent","status":"200 OK"}
{"time":"2026-08-28T09:10:20.77576534+02:00","level":"INFO","msg":"filestream: sending request","total_files":4,"history_offset":423,"history_lines":9,"events_offset":126,"events_lines":2,"console_offset":127,"console_lines":2}
{"time":"2026-08-28T09:10:21.149401956+02:00","level":"INFO","msg":"filestream: request sent","status":"200 OK"}
{"time":"2026-08-28T09:10:35.775374375+02:00","level":"INFO","msg":"filestream: sending request","total_files":4,"history_offset":432,"history_lines":5,"events_offset":128,"events_lines":2,"console_offset":129,"console_lines":2}
{"time":"2026-08-28T09:10:36.108584219+02:00","level":"INFO","msg":"filestream: request sent","status":"200 OK"}
{"time":"2026-08-28T09:10:50.775745924+02:00","level":"INFO","msg":"filestream: sending request","total_files":4,"history_offset":437,"history_lines":3,"events_offset":130,"events_lines":2,"console_offset":131,"console_lines":1}
{"time":"2026-08-28T09:10:51.114194083+02:00","level":"INFO","msg":"filestream: request sent","status":"200 OK"}
{"time":"2026-08-28T09:11:05.775572766+02:00","level":"INFO","msg":"filestream: sending request","total_files":4,"history_offset":440,"history_lines":7,"events_offset":132,"events_lines":2,"console_offset":132,"console_lines":2}
{"time":"2026-08-28T09:11:06.113896009+02:00","level":"INFO","msg":"filestream: request sent","status":"200 OK"}
{"time":"2026-08-28T09:11:20.775870786+02:00","level":"INFO","msg":"filestream: sending request","total_files":4,"history_offset":447,"history_lines":11,"events_offset":134,"events_lines":2,"console_offset":134,"console_lines":2}
{"time":"2026-08-28T09:11:21.135559823+02:00","level":"INFO","msg":"filestream: request sent","status":"200 OK"}
{"time":"2026-08-28T09:11:35.775130779+02:00","level":"INFO","msg":"filestream: sending request","total_files":4,"history_offset":458,"history_lines":7,"events_offset":136,"events_lines":2,"console_offset":136,"console_lines":2}
{"time":"2026-08-28T09:11:36.11658985+02:00","level":"INFO","msg":"filestream: request sent","status":"200 OK"}
{"time":"2026-08-28T09:11:50.775273061+02:00","level":"INFO","msg":"filestream: sending request","total_files":4,"history_offset":465,"history_lines":7,"events_offset":138,"events_lines":2,"console_offset":138,"console_lines":2}
{"time":"2026-08-28T09:11:51.128075812+02:00","level":"INFO","msg":"filestream: request sent","status":"200 OK"}
{"time":"2026-08-28T09:12:05.775458882+02:00","level":"INFO","msg":"filestream: sending request","total_files":4,"history_offset":472,"history_lines":8,"events_offset":140,"events_lines":2,"console_offset":140,"console_lines":3}
{"time":"2026-08-28T09:12:06.130042021+02:00","level":"INFO","msg":"filestream: request sent","status":"200 OK"}
{"time":"2026-08-28T09:12:20.775416835+02:00","level":"INFO","msg":"filestream: sending request","total_files":1,"events_offset":142,"events_lines":2}
{"time":"2026-08-28T09:12:21.117618513+02:00","level":"INFO","msg":"filestream: request sent","status":"200 OK"}
{"time":"2026-08-28T09:12:35.774707694+02:00","level":"INFO","msg":"filestream: sending request","total_files":1,"events_offset":144,"events_lines":2}
{"time":"2026-08-28T09:12:36.119517691+02:00","level":"INFO","msg":"filestream: request sent","status":"200 OK"}
{"time":"2026-08-28T09:12:50.775599516+02:00","level":"INFO","msg":"filestream: sending request","total_files":1,"events_offset":146,"events_lines":2}
{"time":"2026-08-28T09:12:51.123454378+02:00","level":"INFO","msg":"filestream: request sent","status":"200 OK"}
{"time":"2026-08-28T09:13:05.775421181+02:00","level":"INFO","msg":"filestream: sending request","total_files":1,"events_offset":148,"events_lines":2}
{"time":"2026-08-28T09:13:06.117972357+02:00","level":"INFO","msg":"filestream: request sent","status":"200 OK"}
{"time":"2026-08-28T09:13:20.77515462+02:00","level":"INFO","msg":"filestream: sending request","total_files":1,"events_offset":150,"events_lines":2}
{"time":"2026-08-28T09:13:21.103165583+02:00","level":"INFO","msg":"filestream: request sent","status":"200 OK"}
{"time":"2026-08-28T09:13:35.775198648+02:00","level":"INFO","msg":"filestream: sending request","total_files":1,"events_offset":152,"events_lines":2}
{"time":"2026-08-28T09:13:36.099324759+02:00","level":"INFO","msg":"filestream: request sent","status":"200 OK"}
{"time":"2026-08-28T09:13:50.775005364+02:00","level":"INFO","msg":"filestream: sending request","total_files":1,"events_offset":154,"events_lines":2}
{"time":"2026-08-28T09:13:51.096882603+02:00","level":"INFO","msg":"filestream: request sent","status":"200 OK"}
{"time":"2026-08-28T09:14:05.775368343+02:00","level":"INFO","msg":"filestream: sending request","total_files":1,"events_offset":156,"events_lines":2}
{"time":"2026-08-28T09:14:06.131230346+02:00","level":"INFO","msg":"filestream: request sent","status":"200 OK"}
{"time":"2026-08-28T09:14:20.774750779+02:00","level":"INFO","msg":"filestream: sending request","total_files":1,"events_offset":158,"events_lines":2}
{"time":"2026-08-28T09:14:21.098247056+02:00","level":"INFO","msg":"filestream: request sent","status":"200 OK"}
{"time":"2026-08-28T09:14:35.775204766+02:00","level":"INFO","msg":"filestream: sending request","total_files":1,"events_offset":160,"events_lines":2}
{"time":"2026-08-28T09:14:36.124753829+02:00","level":"INFO","msg":"filestream: request sent","status":"200 OK"}
{"time":"2026-08-28T09:14:50.775029852+02:00","level":"INFO","msg":"filestream: sending request","total_files":1,"events_offset":162,"events_lines":2}
{"time":"2026-08-28T09:14:51.129354579+02:00","level":"INFO","msg":"filestream: request sent","status":"200 OK"}
{"time":"2026-08-28T09:15:05.775172405+02:00","level":"INFO","msg":"filestream: sending request","total_files":1,"events_offset":164,"events_lines":2}
{"time":"2026-08-28T09:15:06.11597835+02:00","level":"INFO","msg":"filestream: request sent","status":"200 OK"}
{"time":"2026-08-28T09:15:20.775480513+02:00","level":"INFO","msg":"filestream: sending request","total_files":1,"events_offset":166,"events_lines":2}
{"time":"2026-08-28T09:15:21.156749693+02:00","level":"INFO","msg":"filestream: request sent","status":"200 OK"}
{"time":"2026-08-28T09:15:35.775074619+02:00","level":"INFO","msg":"filestream: sending request","total_files":1,"events_offset":168,"events_lines":2}
{"time":"2026-08-28T09:15:36.121526874+02:00","level":"INFO","msg":"filestream: request sent","status":"200 OK"}
{"time":"2026-08-28T09:15:50.774762256+02:00","level":"INFO","msg":"filestream: sending request","total_files":1,"events_offset":170,"events_lines":2}
{"time":"2026-08-28T09:15:51.132844105+02:00","level":"INFO","msg":"filestream: request sent","status":"200 OK"}
{"time":"2026-08-28T09:16:05.774925415+02:00","level":"INFO","msg":"filestream: sending request","total_files":4,"history_offset":480,"history_lines":5,"events_offset":172,"events_lines":2,"console_offset":143,"console_lines":4}
{"time":"2026-08-28T09:16:06.118197139+02:00","level":"INFO","msg":"filestream: request sent","status":"200 OK"}
{"time":"2026-08-28T09:16:20.775652226+02:00","level":"INFO","msg":"filestream: sending request","total_files":4,"history_offset":485,"history_lines":7,"events_offset":174,"events_lines":2,"console_offset":147,"console_lines":2,"uploaded_len":1}
{"time":"2026-08-28T09:16:21.12904117+02:00","level":"INFO","msg":"filestream: request sent","status":"200 OK"}
{"time":"2026-08-28T09:16:35.775636257+02:00","level":"INFO","msg":"filestream: sending request","total_files":4,"history_offset":492,"history_lines":7,"events_offset":176,"events_lines":2,"console_offset":149,"console_lines":2}
{"time":"2026-08-28T09:16:36.179880866+02:00","level":"INFO","msg":"filestream: request sent","status":"200 OK"}
{"time":"2026-08-28T09:16:50.775271479+02:00","level":"INFO","msg":"filestream: sending request","total_files":4,"history_offset":499,"history_lines":7,"events_offset":178,"events_lines":2,"console_offset":151,"console_lines":2}
{"time":"2026-08-28T09:16:51.110470522+02:00","level":"INFO","msg":"filestream: request sent","status":"200 OK"}
{"time":"2026-08-28T09:17:05.775148145+02:00","level":"INFO","msg":"filestream: sending request","total_files":4,"history_offset":506,"history_lines":9,"events_offset":180,"events_lines":2,"console_offset":153,"console_lines":2}
{"time":"2026-08-28T09:17:06.131752266+02:00","level":"INFO","msg":"filestream: request sent","status":"200 OK"}
{"time":"2026-08-28T09:17:20.775111525+02:00","level":"INFO","msg":"filestream: sending request","total_files":4,"history_offset":515,"history_lines":8,"events_offset":182,"events_lines":2,"console_offset":155,"console_lines":2}
{"time":"2026-08-28T09:17:21.118798687+02:00","level":"INFO","msg":"filestream: request sent","status":"200 OK"}
{"time":"2026-08-28T09:17:35.775494001+02:00","level":"INFO","msg":"filestream: sending request","total_files":4,"history_offset":523,"history_lines":10,"events_offset":184,"events_lines":2,"console_offset":157,"console_lines":2}
{"time":"2026-08-28T09:17:36.130428115+02:00","level":"INFO","msg":"filestream: request sent","status":"200 OK"}
{"time":"2026-08-28T09:17:50.775756154+02:00","level":"INFO","msg":"filestream: sending request","total_files":4,"history_offset":533,"history_lines":8,"events_offset":186,"events_lines":2,"console_offset":159,"console_lines":2}
{"time":"2026-08-28T09:17:51.119651182+02:00","level":"INFO","msg":"filestream: request sent","status":"200 OK"}
{"time":"2026-08-28T09:18:05.775269475+02:00","level":"INFO","msg":"filestream: sending request","total_files":4,"history_offset":541,"history_lines":4,"events_offset":188,"events_lines":2,"console_offset":161,"console_lines":1}
{"time":"2026-08-28T09:18:06.125785332+02:00","level":"INFO","msg":"filestream: request sent","status":"200 OK"}
{"time":"2026-08-28T09:18:20.775667289+02:00","level":"INFO","msg":"filestream: sending request","total_files":4,"history_offset":545,"history_lines":6,"events_offset":190,"events_lines":2,"console_offset":162,"console_lines":2}
{"time":"2026-08-28T09:18:21.141214513+02:00","level":"INFO","msg":"filestream: request sent","status":"200 OK"}
{"time":"2026-08-28T09:18:35.775114655+02:00","level":"INFO","msg":"filestream: sending request","total_files":4,"history_offset":551,"history_lines":9,"events_offset":192,"events_lines":2,"console_offset":164,"console_lines":2}
{"time":"2026-08-28T09:18:36.118288451+02:00","level":"INFO","msg":"filestream: request sent","status":"200 OK"}
{"time":"2026-08-28T09:18:50.775316191+02:00","level":"INFO","msg":"filestream: sending request","total_files":4,"history_offset":560,"history_lines":11,"events_offset":194,"events_lines":2,"console_offset":166,"console_lines":2}
{"time":"2026-08-28T09:18:51.126949558+02:00","level":"INFO","msg":"filestream: request sent","status":"200 OK"}
{"time":"2026-08-28T09:19:05.774829063+02:00","level":"INFO","msg":"filestream: sending request","total_files":4,"history_offset":571,"history_lines":8,"events_offset":196,"events_lines":2,"console_offset":168,"console_lines":2}
{"time":"2026-08-28T09:19:06.210416115+02:00","level":"INFO","msg":"filestream: request sent","status":"200 OK"}
{"time":"2026-08-28T09:19:20.775360878+02:00","level":"INFO","msg":"filestream: sending request","total_files":4,"history_offset":579,"history_lines":6,"events_offset":198,"events_lines":2,"console_offset":170,"console_lines":2}
{"time":"2026-08-28T09:19:21.120148575+02:00","level":"INFO","msg":"filestream: request sent","status":"200 OK"}
{"time":"2026-08-28T09:19:35.775123339+02:00","level":"INFO","msg":"filestream: sending request","total_files":4,"history_offset":585,"history_lines":6,"events_offset":200,"events_lines":2,"console_offset":172,"console_lines":2}
{"time":"2026-08-28T09:19:36.119599312+02:00","level":"INFO","msg":"filestream: request sent","status":"200 OK"}
{"time":"2026-08-28T09:19:50.775261452+02:00","level":"INFO","msg":"filestream: sending request","total_files":4,"history_offset":591,"history_lines":7,"events_offset":202,"events_lines":2,"console_offset":174,"console_lines":2}
{"time":"2026-08-28T09:19:51.131307393+02:00","level":"INFO","msg":"filestream: request sent","status":"200 OK"}
{"time":"2026-08-28T09:20:05.775731228+02:00","level":"INFO","msg":"filestream: sending request","total_files":4,"history_offset":598,"history_lines":8,"events_offset":204,"events_lines":2,"console_offset":176,"console_lines":2}
{"time":"2026-08-28T09:20:06.186137557+02:00","level":"INFO","msg":"filestream: request sent","status":"200 OK"}
{"time":"2026-08-28T09:20:20.775654291+02:00","level":"INFO","msg":"filestream: sending request","total_files":4,"history_offset":606,"history_lines":8,"events_offset":206,"events_lines":2,"console_offset":178,"console_lines":2}
{"time":"2026-08-28T09:20:21.139959978+02:00","level":"INFO","msg":"filestream: request sent","status":"200 OK"}
{"time":"2026-08-28T09:20:35.775543192+02:00","level":"INFO","msg":"filestream: sending request","total_files":4,"history_offset":614,"history_lines":8,"events_offset":208,"events_lines":2,"console_offset":180,"console_lines":2}
{"time":"2026-08-28T09:20:36.133900973+02:00","level":"INFO","msg":"filestream: request sent","status":"200 OK"}
{"time":"2026-08-28T09:20:50.775026508+02:00","level":"INFO","msg":"filestream: sending request","total_files":4,"history_offset":622,"history_lines":11,"events_offset":210,"events_lines":2,"console_offset":182,"console_lines":2}
{"time":"2026-08-28T09:20:51.118818096+02:00","level":"INFO","msg":"filestream: request sent","status":"200 OK"}
{"time":"2026-08-28T09:21:05.775283833+02:00","level":"INFO","msg":"filestream: sending request","total_files":4,"history_offset":633,"history_lines":6,"events_offset":212,"events_lines":2,"console_offset":184,"console_lines":2}
{"time":"2026-08-28T09:21:06.154900441+02:00","level":"INFO","msg":"filestream: request sent","status":"200 OK"}
{"time":"2026-08-28T09:21:20.775420051+02:00","level":"INFO","msg":"filestream: sending request","total_files":4,"history_offset":639,"history_lines":8,"events_offset":214,"events_lines":2,"console_offset":186,"console_lines":2}
{"time":"2026-08-28T09:21:21.104605308+02:00","level":"INFO","msg":"filestream: request sent","status":"200 OK"}
{"time":"2026-08-28T09:21:35.775551481+02:00","level":"INFO","msg":"filestream: sending request","total_files":4,"history_offset":647,"history_lines":8,"events_offset":216,"events_lines":2,"console_offset":188,"console_lines":2}
{"time":"2026-08-28T09:21:36.144945429+02:00","level":"INFO","msg":"filestream: request sent","status":"200 OK"}
{"time":"2026-08-28T09:21:50.775700943+02:00","level":"INFO","msg":"filestream: sending request","total_files":4,"history_offset":655,"history_lines":6,"events_offset":218,"events_lines":2,"console_offset":190,"console_lines":2}
{"time":"2026-08-28T09:21:51.126111787+02:00","level":"INFO","msg":"filestream: request sent","status":"200 OK"}
{"time":"2026-08-28T09:22:05.775443604+02:00","level":"INFO","msg":"filestream: sending request","total_files":4,"history_offset":661,"history_lines":7,"events_offset":220,"events_lines":2,"console_offset":192,"console_lines":2}
{"time":"2026-08-28T09:22:06.137678987+02:00","level":"INFO","msg":"filestream: request sent","status":"200 OK"}
{"time":"2026-08-28T09:22:20.775623434+02:00","level":"INFO","msg":"filestream: sending request","total_files":4,"history_offset":668,"history_lines":12,"events_offset":222,"events_lines":2,"console_offset":194,"console_lines":3}
{"time":"2026-08-28T09:22:21.121157706+02:00","level":"INFO","msg":"filestream: request sent","status":"200 OK"}
{"time":"2026-08-28T09:22:35.775544108+02:00","level":"INFO","msg":"filestream: sending request","total_files":4,"history_offset":680,"history_lines":7,"events_offset":224,"events_lines":2,"console_offset":197,"console_lines":2}
{"time":"2026-08-28T09:22:36.121341558+02:00","level":"INFO","msg":"filestream: request sent","status":"200 OK"}
{"time":"2026-08-28T09:22:50.775077911+02:00","level":"INFO","msg":"filestream: sending request","total_files":4,"history_offset":687,"history_lines":8,"events_offset":226,"events_lines":2,"console_offset":199,"console_lines":2}
{"time":"2026-08-28T09:22:51.121817442+02:00","level":"INFO","msg":"filestream: request sent","status":"200 OK"}
{"time":"2026-08-28T09:23:05.775842659+02:00","level":"INFO","msg":"filestream: sending request","total_files":4,"history_offset":695,"history_lines":9,"events_offset":228,"events_lines":2,"console_offset":201,"console_lines":2}
{"time":"2026-08-28T09:23:06.15076825+02:00","level":"INFO","msg":"filestream: request sent","status":"200 OK"}
{"time":"2026-08-28T09:23:20.77475415+02:00","level":"INFO","msg":"filestream: sending request","total_files":4,"history_offset":704,"history_lines":8,"events_offset":230,"events_lines":2,"console_offset":203,"console_lines":2}
{"time":"2026-08-28T09:23:21.164510006+02:00","level":"INFO","msg":"filestream: request sent","status":"200 OK"}
{"time":"2026-08-28T09:23:35.775240376+02:00","level":"INFO","msg":"filestream: sending request","total_files":4,"history_offset":712,"history_lines":4,"events_offset":232,"events_lines":2,"console_offset":205,"console_lines":1}
{"time":"2026-08-28T09:23:36.121088753+02:00","level":"INFO","msg":"filestream: request sent","status":"200 OK"}
{"time":"2026-08-28T09:23:50.775290425+02:00","level":"INFO","msg":"filestream: sending request","total_files":4,"history_offset":716,"history_lines":6,"events_offset":234,"events_lines":2,"console_offset":206,"console_lines":2}
{"time":"2026-08-28T09:23:51.141794296+02:00","level":"INFO","msg":"filestream: request sent","status":"200 OK"}
{"time":"2026-08-28T09:24:05.775301655+02:00","level":"INFO","msg":"filestream: sending request","total_files":4,"history_offset":722,"history_lines":4,"events_offset":236,"events_lines":2,"console_offset":208,"console_lines":4,"uploaded_len":1}
{"time":"2026-08-28T09:24:06.147084771+02:00","level":"INFO","msg":"filestream: request sent","status":"200 OK"}
{"time":"2026-08-28T09:24:20.775596663+02:00","level":"INFO","msg":"filestream: sending request","total_files":1,"events_offset":238,"events_lines":2}
{"time":"2026-08-28T09:24:21.129392758+02:00","level":"INFO","msg":"filestream: request sent","status":"200 OK"}
{"time":"2026-08-28T09:24:35.775725169+02:00","level":"INFO","msg":"filestream: sending request","total_files":1,"events_offset":240,"events_lines":2}
{"time":"2026-08-28T09:24:36.122374239+02:00","level":"INFO","msg":"filestream: request sent","status":"200 OK"}
{"time":"2026-08-28T09:24:50.775512094+02:00","level":"INFO","msg":"filestream: sending request","total_files":1,"events_offset":242,"events_lines":2}
{"time":"2026-08-28T09:24:51.12868269+02:00","level":"INFO","msg":"filestream: request sent","status":"200 OK"}
{"time":"2026-08-28T09:25:05.775153584+02:00","level":"INFO","msg":"filestream: sending request","total_files":1,"events_offset":244,"events_lines":2}
{"time":"2026-08-28T09:25:06.134971276+02:00","level":"INFO","msg":"filestream: request sent","status":"200 OK"}
{"time":"2026-08-28T09:25:20.775131417+02:00","level":"INFO","msg":"filestream: sending request","total_files":1,"events_offset":246,"events_lines":2}
{"time":"2026-08-28T09:25:21.121320961+02:00","level":"INFO","msg":"filestream: request sent","status":"200 OK"}
{"time":"2026-08-28T09:25:35.775513285+02:00","level":"INFO","msg":"filestream: sending request","total_files":1,"events_offset":248,"events_lines":2}
{"time":"2026-08-28T09:25:36.156619058+02:00","level":"INFO","msg":"filestream: request sent","status":"200 OK"}
{"time":"2026-08-28T09:25:50.774759622+02:00","level":"INFO","msg":"filestream: sending request","total_files":1,"events_offset":250,"events_lines":2}
{"time":"2026-08-28T09:25:51.104447104+02:00","level":"INFO","msg":"filestream: request sent","status":"200 OK"}
{"time":"2026-08-28T09:26:05.775794047+02:00","level":"INFO","msg":"filestream: sending request","total_files":1,"events_offset":252,"events_lines":2}
{"time":"2026-08-28T09:26:06.137239744+02:00","level":"INFO","msg":"filestream: request sent","status":"200 OK"}
{"time":"2026-08-28T09:26:20.775924517+02:00","level":"INFO","msg":"filestream: sending request","total_files":4,"history_offset":726,"history_lines":1,"events_offset":254,"events_lines":2,"console_offset":212,"console_lines":1}
{"time":"2026-08-28T09:26:21.141192233+02:00","level":"INFO","msg":"filestream: request sent","status":"200 OK"}
{"time":"2026-08-28T09:26:35.775311138+02:00","level":"INFO","msg":"filestream: sending request","total_files":4,"history_offset":727,"history_lines":7,"events_offset":256,"events_lines":2,"console_offset":213,"console_lines":2}
{"time":"2026-08-28T09:26:36.106106406+02:00","level":"INFO","msg":"filestream: request sent","status":"200 OK"}
{"time":"2026-08-28T09:26:50.775247396+02:00","level":"INFO","msg":"filestream: sending request","total_files":4,"history_offset":734,"history_lines":6,"events_offset":258,"events_lines":2,"console_offset":215,"console_lines":2}
{"time":"2026-08-28T09:26:51.124881079+02:00","level":"INFO","msg":"filestream: request sent","status":"200 OK"}
{"time":"2026-08-28T09:27:05.775257393+02:00","level":"INFO","msg":"filestream: sending request","total_files":4,"history_offset":740,"history_lines":5,"events_offset":260,"events_lines":2,"console_offset":217,"console_lines":2}
{"time":"2026-08-28T09:27:06.116415466+02:00","level":"INFO","msg":"filestream: request sent","status":"200 OK"}
{"time":"2026-08-28T09:27:20.774972658+02:00","level":"INFO","msg":"filestream: sending request","total_files":4,"history_offset":745,"history_lines":5,"events_offset":262,"events_lines":2,"console_offset":219,"console_lines":1}
{"time":"2026-08-28T09:27:21.128061627+02:00","level":"INFO","msg":"filestream: request sent","status":"200 OK"}
{"time":"2026-08-28T09:27:35.775160003+02:00","level":"INFO","msg":"filestream: sending request","total_files":4,"history_offset":750,"history_lines":7,"events_offset":264,"events_lines":2,"console_offset":220,"console_lines":2}
{"time":"2026-08-28T09:27:36.119771482+02:00","level":"INFO","msg":"filestream: request sent","status":"200 OK"}
{"time":"2026-08-28T09:27:50.775058811+02:00","level":"INFO","msg":"filestream: sending request","total_files":4,"history_offset":757,"history_lines":13,"events_offset":266,"events_lines":2,"console_offset":222,"console_lines":2}
{"time":"2026-08-28T09:27:51.134755802+02:00","level":"INFO","msg":"filestream: request sent","status":"200 OK"}
{"time":"2026-08-28T09:28:05.775180997+02:00","level":"INFO","msg":"filestream: sending request","total_files":4,"history_offset":770,"history_lines":8,"events_offset":268,"events_lines":2,"console_offset":224,"console_lines":2}
{"time":"2026-08-28T09:28:06.172926234+02:00","level":"INFO","msg":"filestream: request sent","status":"200 OK"}
{"time":"2026-08-28T09:28:20.774814709+02:00","level":"INFO","msg":"filestream: sending request","total_files":4,"history_offset":778,"history_lines":8,"events_offset":270,"events_lines":2,"console_offset":226,"console_lines":2}
{"time":"2026-08-28T09:28:21.13845586+02:00","level":"INFO","msg":"filestream: request sent","status":"200 OK"}
{"time":"2026-08-28T09:28:35.775162117+02:00","level":"INFO","msg":"filestream: sending request","total_files":4,"history_offset":786,"history_lines":8,"events_offset":272,"events_lines":2,"console_offset":228,"console_lines":2}
{"time":"2026-08-28T09:28:36.153009188+02:00","level":"INFO","msg":"filestream: request sent","status":"200 OK"}
{"time":"2026-08-28T09:28:50.775700988+02:00","level":"INFO","msg":"filestream: sending request","total_files":4,"history_offset":794,"history_lines":5,"events_offset":274,"events_lines":2,"console_offset":230,"console_lines":1}
{"time":"2026-08-28T09:28:51.119631787+02:00","level":"INFO","msg":"filestream: request sent","status":"200 OK"}
{"time":"2026-08-28T09:29:05.7751124+02:00","level":"INFO","msg":"filestream: sending request","total_files":4,"history_offset":799,"history_lines":5,"events_offset":276,"events_lines":2,"console_offset":231,"console_lines":2}
{"time":"2026-08-28T09:29:06.10048658+02:00","level":"INFO","msg":"filestream: request sent","status":"200 OK"}
{"time":"2026-08-28T09:29:20.775357224+02:00","level":"INFO","msg":"filestream: sending request","total_files":4,"history_offset":804,"history_lines":8,"events_offset":278,"events_lines":2,"console_offset":233,"console_lines":2}
{"time":"2026-08-28T09:29:21.168870654+02:00","level":"INFO","msg":"filestream: request sent","status":"200 OK"}
{"time":"2026-08-28T09:29:35.775529649+02:00","level":"INFO","msg":"filestream: sending request","total_files":4,"history_offset":812,"history_lines":8,"events_offset":280,"events_lines":2,"console_offset":235,"console_lines":2}
{"time":"2026-08-28T09:29:36.136747771+02:00","level":"INFO","msg":"filestream: request sent","status":"200 OK"}
{"time":"2026-08-28T09:29:50.775643152+02:00","level":"INFO","msg":"filestream: sending request","total_files":4,"history_offset":820,"history_lines":9,"events_offset":282,"events_lines":2,"console_offset":237,"console_lines":2}
{"time":"2026-08-28T09:29:51.13567651+02:00","level":"INFO","msg":"filestream: request sent","status":"200 OK"}
{"time":"2026-08-28T09:30:05.775332126+02:00","level":"INFO","msg":"filestream: sending request","total_files":4,"history_offset":829,"history_lines":7,"events_offset":284,"events_lines":2,"console_offset":239,"console_lines":2}
{"time":"2026-08-28T09:30:06.105247653+02:00","level":"INFO","msg":"filestream: request sent","status":"200 OK"}
{"time":"2026-08-28T09:30:20.775453335+02:00","level":"INFO","msg":"filestream: sending request","total_files":4,"history_offset":836,"history_lines":10,"events_offset":286,"events_lines":2,"console_offset":241,"console_lines":2}
{"time":"2026-08-28T09:30:21.108719842+02:00","level":"INFO","msg":"filestream: request sent","status":"200 OK"}
{"time":"2026-08-28T09:30:35.775267873+02:00","level":"INFO","msg":"filestream: sending request","total_files":4,"history_offset":846,"history_lines":7,"events_offset":288,"events_lines":2,"console_offset":243,"console_lines":2}
{"time":"2026-08-28T09:30:36.169044468+02:00","level":"INFO","msg":"filestream: request sent","status":"200 OK"}
{"time":"2026-08-28T09:30:50.775601236+02:00","level":"INFO","msg":"filestream: sending request","total_files":4,"history_offset":853,"history_lines":9,"events_offset":290,"events_lines":2,"console_offset":245,"console_lines":2}
{"time":"2026-08-28T09:30:51.123913444+02:00","level":"INFO","msg":"filestream: request sent","status":"200 OK"}
{"time":"2026-08-28T09:31:05.775631611+02:00","level":"INFO","msg":"filestream: sending request","total_files":4,"history_offset":862,"history_lines":10,"events_offset":292,"events_lines":2,"console_offset":247,"console_lines":2}
{"time":"2026-08-28T09:31:06.156916106+02:00","level":"INFO","msg":"filestream: request sent","status":"200 OK"}
{"time":"2026-08-28T09:31:20.77545203+02:00","level":"INFO","msg":"filestream: sending request","total_files":4,"history_offset":872,"history_lines":6,"events_offset":294,"events_lines":2,"console_offset":249,"console_lines":1}
{"time":"2026-08-28T09:31:21.128208767+02:00","level":"INFO","msg":"filestream: request sent","status":"200 OK"}
{"time":"2026-08-28T09:31:35.774820654+02:00","level":"INFO","msg":"filestream: sending request","total_files":4,"history_offset":878,"history_lines":7,"events_offset":296,"events_lines":2,"console_offset":250,"console_lines":2}
{"time":"2026-08-28T09:31:36.099807832+02:00","level":"INFO","msg":"filestream: request sent","status":"200 OK"}
{"time":"2026-08-28T09:31:50.774919321+02:00","level":"INFO","msg":"filestream: sending request","total_files":4,"history_offset":885,"history_lines":9,"events_offset":298,"events_lines":2,"console_offset":252,"console_lines":2}
{"time":"2026-08-28T09:31:51.132442304+02:00","level":"INFO","msg":"filestream: request sent","status":"200 OK"}
{"time":"2026-08-28T09:32:05.775678428+02:00","level":"INFO","msg":"filestream: sending request","total_files":4,"history_offset":894,"history_lines":5,"events_offset":300,"events_lines":2,"console_offset":254,"console_lines":2}
{"time":"2026-08-28T09:32:06.119949858+02:00","level":"INFO","msg":"filestream: request sent","status":"200 OK"}
{"time":"2026-08-28T09:32:20.775441292+02:00","level":"INFO","msg":"filestream: sending request","total_files":4,"history_offset":899,"history_lines":9,"events_offset":302,"events_lines":2,"console_offset":256,"console_lines":2}
{"time":"2026-08-28T09:32:21.125020371+02:00","level":"INFO","msg":"filestream: request sent","status":"200 OK"}
{"time":"2026-08-28T09:32:35.775301333+02:00","level":"INFO","msg":"filestream: sending request","total_files":4,"history_offset":908,"history_lines":7,"events_offset":304,"events_lines":2,"console_offset":258,"console_lines":2}
{"time":"2026-08-28T09:32:36.127817824+02:00","level":"INFO","msg":"filestream: request sent","status":"200 OK"}
{"time":"2026-08-28T09:32:50.774940131+02:00","level":"INFO","msg":"filestream: sending request","total_files":4,"history_offset":915,"history_lines":7,"events_offset":306,"events_lines":2,"console_offset":260,"console_lines":2}
{"time":"2026-08-28T09:32:51.147198496+02:00","level":"INFO","msg":"filestream: request sent","status":"200 OK"}
{"time":"2026-08-28T09:33:05.775550418+02:00","level":"INFO","msg":"filestream: sending request","total_files":4,"history_offset":922,"history_lines":10,"events_offset":308,"events_lines":2,"console_offset":262,"console_lines":2}
{"time":"2026-08-28T09:33:06.129075892+02:00","level":"INFO","msg":"filestream: request sent","status":"200 OK"}
{"time":"2026-08-28T09:33:20.775703608+02:00","level":"INFO","msg":"filestream: sending request","total_files":4,"history_offset":932,"history_lines":7,"events_offset":310,"events_lines":2,"console_offset":264,"console_lines":2}
{"time":"2026-08-28T09:33:21.157641092+02:00","level":"INFO","msg":"filestream: request sent","status":"200 OK"}
{"time":"2026-08-28T09:33:35.775437054+02:00","level":"INFO","msg":"filestream: sending request","total_files":4,"history_offset":939,"history_lines":6,"events_offset":312,"events_lines":2,"console_offset":266,"console_lines":2}
{"time":"2026-08-28T09:33:36.145271347+02:00","level":"INFO","msg":"filestream: request sent","status":"200 OK"}
{"time":"2026-08-28T09:33:50.775276601+02:00","level":"INFO","msg":"filestream: sending request","total_files":4,"history_offset":945,"history_lines":11,"events_offset":314,"events_lines":2,"console_offset":268,"console_lines":2}
{"time":"2026-08-28T09:33:51.127919071+02:00","level":"INFO","msg":"filestream: request sent","status":"200 OK"}
{"time":"2026-08-28T09:34:05.775463739+02:00","level":"INFO","msg":"filestream: sending request","total_files":4,"history_offset":956,"history_lines":8,"events_offset":316,"events_lines":2,"console_offset":270,"console_lines":2}
{"time":"2026-08-28T09:34:06.831985396+02:00","level":"INFO","msg":"filestream: request sent","status":"200 OK"}
{"time":"2026-08-28T09:34:20.775105484+02:00","level":"INFO","msg":"filestream: sending request","total_files":4,"history_offset":964,"history_lines":10,"events_offset":318,"events_lines":2,"console_offset":272,"console_lines":2}
{"time":"2026-08-28T09:34:21.121051903+02:00","level":"INFO","msg":"filestream: request sent","status":"200 OK"}
{"time":"2026-08-28T09:34:35.775313706+02:00","level":"INFO","msg":"filestream: sending request","total_files":4,"history_offset":974,"history_lines":3,"events_offset":320,"events_lines":2,"console_offset":274,"console_lines":2}
{"time":"2026-08-28T09:34:36.125549672+02:00","level":"INFO","msg":"filestream: request sent","status":"200 OK"}
{"time":"2026-08-28T09:34:50.775394699+02:00","level":"INFO","msg":"filestream: sending request","total_files":1,"events_offset":322,"events_lines":2}
{"time":"2026-08-28T09:34:51.120502982+02:00","level":"INFO","msg":"filestream: request sent","status":"200 OK"}
{"time":"2026-08-28T09:35:05.775066399+02:00","level":"INFO","msg":"filestream: sending request","total_files":1,"events_offset":324,"events_lines":2}
{"time":"2026-08-28T09:35:06.110063584+02:00","level":"INFO","msg":"filestream: request sent","status":"200 OK"}
{"time":"2026-08-28T09:35:20.77491472+02:00","level":"INFO","msg":"filestream: sending request","total_files":1,"events_offset":326,"events_lines":2}
{"time":"2026-08-28T09:35:21.10239283+02:00","level":"INFO","msg":"filestream: request sent","status":"200 OK"}
{"time":"2026-08-28T09:35:35.775344049+02:00","level":"INFO","msg":"filestream: sending request","total_files":1,"events_offset":328,"events_lines":2}
{"time":"2026-08-28T09:35:36.130308436+02:00","level":"INFO","msg":"filestream: request sent","status":"200 OK"}
{"time":"2026-08-28T09:35:50.775076761+02:00","level":"INFO","msg":"filestream: sending request","total_files":1,"events_offset":330,"events_lines":2}
{"time":"2026-08-28T09:35:51.152556475+02:00","level":"INFO","msg":"filestream: request sent","status":"200 OK"}
{"time":"2026-08-28T09:36:05.775596759+02:00","level":"INFO","msg":"filestream: sending request","total_files":1,"events_offset":332,"events_lines":2}
{"time":"2026-08-28T09:36:06.135671647+02:00","level":"INFO","msg":"filestream: request sent","status":"200 OK"}
{"time":"2026-08-28T09:36:20.775003074+02:00","level":"INFO","msg":"filestream: sending request","total_files":1,"events_offset":334,"events_lines":2}
{"time":"2026-08-28T09:36:21.144308541+02:00","level":"INFO","msg":"filestream: request sent","status":"200 OK"}
{"time":"2026-08-28T09:36:35.292449403+02:00","level":"INFO","msg":"fileTransfer: Close: file transfer manager closed"}
{"time":"2026-08-28T09:36:35.292862636+02:00","level":"INFO","msg":"filestream: sending request","total_files":3,"history_offset":977,"history_lines":1,"console_offset":276,"console_lines":3,"uploaded_len":4,"complete":true,"exit_code":0}
{"time":"2026-08-28T09:36:35.762181333+02:00","level":"INFO","msg":"filestream: request sent","status":"200 OK"}
{"time":"2026-08-28T09:36:35.764059201+02:00","level":"INFO","msg":"handler: operation stats","stats":{}}
{"time":"2026-08-28T09:36:35.77043012+02:00","level":"INFO","msg":"stream: finishing up"}
{"time":"2026-08-28T09:36:35.77044178+02:00","level":"INFO","msg":"handler: closed"}
{"time":"2026-08-28T09:36:35.771007611+02:00","level":"INFO","msg":"sender: closed"}
{"time":"2026-08-28T09:36:35.771021485+02:00","level":"INFO","msg":"stream: all finished"}
