2026-08-27 10:30:30,895 INFO    MainThread:1532309 [wandb_setup.py:_flush():81] Current SDK version is 0.26.1
2026-08-27 10:30:30,895 INFO    MainThread:1532309 [wandb_setup.py:_flush():81] Configure stats pid to 1532309
2026-08-27 10:30:30,895 INFO    MainThread:1532309 [wandb_setup.py:_flush():81] Loading settings from environment variables
2026-08-27 10:30:30,895 INFO    MainThread:1532309 [wandb_init.py:setup_run_log_directory():723] Logging user logs to /home/rhatos/wiki/Honours/Project/ProjectCode/feudalnet/wandb/run-20260827_103030-g09rqp8w/logs/debug.log
2026-08-27 10:30:30,895 INFO    MainThread:1532309 [wandb_init.py:setup_run_log_directory():724] Logging internal logs to /home/rhatos/wiki/Honours/Project/ProjectCode/feudalnet/wandb/run-20260827_103030-g09rqp8w/logs/debug-internal.log
2026-08-27 10:30:30,895 INFO    MainThread:1532309 [wandb_init.py:init():850] calling init triggers
2026-08-27 10:30:30,895 INFO    MainThread:1532309 [wandb_init.py:init():855] wandb.init called with sweep_config: {}
config: {'checkpoint': 'models/tqlgxayp_GOOD.pt', 'opponent': 'mixedBot', 'max_steps': 1000000, 'lr': 0.0003, 'entropy_coef': 0.015, 'cosine': False, 'reset_optimizer': False, 'resume': False, 'resume_from': None, 'export_only': False, 'num_workers': 48, 'num_steps': 50, 'cuda': True, 'grad_clip': 0.5, 'seed': 0, 'gamma_w': 0.99, 'gamma_m': 0.99, 'alpha': 0.5, 'gae_lambda': 0.95, 'value_coef': 1.0, 'n_pi': 2, 'e_aux': 6, 'eval_every': 100000, 'eval_games': 50, 'eval_winrate': 0.9, 'eval_workers': 48, 'eval_record': False, 'eval_video_length': 2000, 'wandb_project': 'fun-microrts', 'wandb_entity': None, 'run_name': 'tqlgxayp_GOOD-mixedBot', 'save_dir': 'models', 'out_checkpoint': 'models/tqlgxayp_GOOD-mixedBot.pt', 'run_id_file': 'run_id_finetune.txt', 'config_csv': None, 'config_csv_enabled': True, 'resume_path': None, 'hidden_dim': 128, 'time_horizon': 25, 'eps': 0.0001, 'dilation': 10, 'map_h': 16, 'map_w': 16, 'in_channels': 27, 'enemy_dim': 64, 'enemy_layers': 4, 'worker_heads': 4, 'worker_layers': 4, 'T_W': 100, 'manager_heads': 4, 'manager_layers': 6, 'T_M': 160, 'opponents': ['mixedBot'], 'eval_opponent': 'mixedBot', 'device': device(type='cuda'), 'source_checkpoint': 'models/tqlgxayp_GOOD.pt', 'finetune_opponent': 'mixedBot', '_wandb': {'code_path': 'code/finetune_opponent_norender.py'}}
2026-08-27 10:30:30,895 INFO    MainThread:1532309 [wandb_init.py:init():898] starting backend
2026-08-27 10:30:31,111 INFO    MainThread:1532309 [wandb_init.py:init():913] sending inform_init request
2026-08-27 10:30:32,164 INFO    MainThread:1532309 [wandb_init.py:init():918] backend started and connected
2026-08-27 10:30:32,172 INFO    MainThread:1532309 [wandb_init.py:init():988] updated telemetry
2026-08-27 10:30:32,172 INFO    MainThread:1532309 [wandb_init.py:init():1011] communicating run to backend with 90.0 second timeout
2026-08-27 10:30:33,079 INFO    MainThread:1532309 [wandb_init.py:init():1056] starting run threads in backend
2026-08-27 10:30:33,102 INFO    MainThread:1532309 [wandb_run.py:_console_start():2554] atexit reg
2026-08-27 10:30:33,102 INFO    MainThread:1532309 [wandb_run.py:_redirect():2403] redirect: wrap_raw
2026-08-27 10:30:33,102 INFO    MainThread:1532309 [wandb_run.py:_redirect():2472] Wrapping output streams.
2026-08-27 10:30:33,102 INFO    MainThread:1532309 [wandb_run.py:_redirect():2495] Redirects installed.
2026-08-27 10:30:33,104 INFO    MainThread:1532309 [wandb_init.py:init():1094] run started, returning control to user process
2026-08-27 10:37:05,702 INFO    MainThread:1532309 [wandb_run.py:_finish():2321] finishing run rhatos-university-of-cape-town/fun-microrts/g09rqp8w
2026-08-27 10:37:05,702 INFO    MainThread:1532309 [wandb_run.py:_atexit_cleanup():2520] got exitcode: 0
2026-08-27 10:37:05,703 INFO    MainThread:1532309 [wandb_run.py:_restore():2502] restore
2026-08-27 10:37:05,703 INFO    MainThread:1532309 [wandb_run.py:_restore():2508] restore done
2026-08-27 10:37:12,820 INFO    MainThread:1532309 [wandb_run.py:_footer_sync_info():3889] logging synced files
