{"time":"2026-08-27T10:30:31.122676768+02:00","level":"INFO","msg":"wandb-core"}
{"time":"2026-08-27T10:30:31.122795813+02:00","level":"INFO","msg":"stream: starting","core version":"0.26.1"}
{"time":"2026-08-27T10:30:32.163932707+02:00","level":"INFO","msg":"stream: created new stream","id":"g09rqp8w"}
{"time":"2026-08-27T10:30:32.164266749+02:00","level":"INFO","msg":"stream: started"}
{"time":"2026-08-27T10:30:32.164333845+02:00","level":"INFO","msg":"writer: started","stream_id":"g09rqp8w"}
{"time":"2026-08-27T10:30:32.164359533+02:00","level":"INFO","msg":"handler: started"}
{"time":"2026-08-27T10:30:32.164367021+02:00","level":"INFO","msg":"sender: started"}
{"time":"2026-08-27T10:30:33.079927814+02:00","level":"ERROR","msg":"git repo not found","error":"repository does not exist"}
{"time":"2026-08-27T10:30:33.104930855+02:00","level":"INFO","msg":"filestream: sending request","total_files":1,"console_offset":0,"console_lines":1}
{"time":"2026-08-27T10:30:33.632848866+02:00","level":"INFO","msg":"filestream: request sent","status":"200 OK"}
{"time":"2026-08-27T10:30:48.10579602+02:00","level":"INFO","msg":"filestream: sending request","total_files":4,"history_offset":0,"history_lines":10,"events_offset":0,"events_lines":2,"console_offset":1,"console_lines":16,"uploaded_len":4}
{"time":"2026-08-27T10:30:49.234137462+02:00","level":"INFO","msg":"filestream: request sent","status":"200 OK"}
{"time":"2026-08-27T10:31:03.105637306+02:00","level":"INFO","msg":"filestream: sending request","total_files":4,"history_offset":10,"history_lines":7,"events_offset":2,"events_lines":2,"console_offset":17,"console_lines":3}
{"time":"2026-08-27T10:31:03.438422541+02:00","level":"INFO","msg":"filestream: request sent","status":"200 OK"}
{"time":"2026-08-27T10:31:18.105746316+02:00","level":"INFO","msg":"filestream: sending request","total_files":4,"history_offset":17,"history_lines":5,"events_offset":4,"events_lines":2,"console_offset":20,"console_lines":2}
{"time":"2026-08-27T10:31:18.428655814+02:00","level":"INFO","msg":"filestream: request sent","status":"200 OK"}
{"time":"2026-08-27T10:31:33.105675989+02:00","level":"INFO","msg":"filestream: sending request","total_files":4,"history_offset":22,"history_lines":4,"events_offset":6,"events_lines":2,"console_offset":22,"console_lines":1}
{"time":"2026-08-27T10:31:33.470005274+02:00","level":"INFO","msg":"filestream: request sent","status":"200 OK"}
{"time":"2026-08-27T10:31:48.105556901+02:00","level":"INFO","msg":"filestream: sending request","total_files":4,"history_offset":26,"history_lines":9,"events_offset":8,"events_lines":2,"console_offset":23,"console_lines":2}
{"time":"2026-08-27T10:31:48.434314857+02:00","level":"INFO","msg":"filestream: request sent","status":"200 OK"}
{"time":"2026-08-27T10:32:03.105060718+02:00","level":"INFO","msg":"filestream: sending request","total_files":4,"history_offset":35,"history_lines":29,"events_offset":10,"events_lines":2,"console_offset":25,"console_lines":2}
{"time":"2026-08-27T10:32:03.480246785+02:00","level":"INFO","msg":"filestream: request sent","status":"200 OK"}
{"time":"2026-08-27T10:32:18.105230007+02:00","level":"INFO","msg":"filestream: sending request","total_files":4,"history_offset":64,"history_lines":8,"events_offset":12,"events_lines":2,"console_offset":27,"console_lines":1}
{"time":"2026-08-27T10:32:18.456391654+02:00","level":"INFO","msg":"filestream: request sent","status":"200 OK"}
{"time":"2026-08-27T10:32:33.105093676+02:00","level":"INFO","msg":"filestream: sending request","total_files":4,"history_offset":72,"history_lines":6,"events_offset":14,"events_lines":2,"console_offset":28,"console_lines":2}
{"time":"2026-08-27T10:32:33.444471339+02:00","level":"INFO","msg":"filestream: request sent","status":"200 OK"}
{"time":"2026-08-27T10:32:48.105020483+02:00","level":"INFO","msg":"filestream: sending request","total_files":4,"history_offset":78,"history_lines":6,"events_offset":16,"events_lines":2,"console_offset":30,"console_lines":2}
{"time":"2026-08-27T10:32:48.431511005+02:00","level":"INFO","msg":"filestream: request sent","status":"200 OK"}
{"time":"2026-08-27T10:33:03.104986739+02:00","level":"INFO","msg":"filestream: sending request","total_files":4,"history_offset":84,"history_lines":7,"events_offset":18,"events_lines":2,"console_offset":32,"console_lines":2}
{"time":"2026-08-27T10:33:03.490511963+02:00","level":"INFO","msg":"filestream: request sent","status":"200 OK"}
{"time":"2026-08-27T10:33:18.105940367+02:00","level":"INFO","msg":"filestream: sending request","total_files":4,"history_offset":91,"history_lines":8,"events_offset":20,"events_lines":2,"console_offset":34,"console_lines":1}
{"time":"2026-08-27T10:33:18.457211809+02:00","level":"INFO","msg":"filestream: request sent","status":"200 OK"}
{"time":"2026-08-27T10:33:33.106956173+02:00","level":"INFO","msg":"filestream: sending request","total_files":4,"history_offset":99,"history_lines":12,"events_offset":22,"events_lines":2,"console_offset":35,"console_lines":2}
{"time":"2026-08-27T10:33:33.489614738+02:00","level":"INFO","msg":"filestream: request sent","status":"200 OK"}
{"time":"2026-08-27T10:33:48.105714999+02:00","level":"INFO","msg":"filestream: sending request","total_files":4,"history_offset":111,"history_lines":11,"events_offset":24,"events_lines":2,"console_offset":37,"console_lines":2}
{"time":"2026-08-27T10:33:48.479693632+02:00","level":"INFO","msg":"filestream: request sent","status":"200 OK"}
{"time":"2026-08-27T10:34:03.106187724+02:00","level":"INFO","msg":"filestream: sending request","total_files":4,"history_offset":122,"history_lines":12,"events_offset":26,"events_lines":2,"console_offset":39,"console_lines":2}
{"time":"2026-08-27T10:34:03.44533797+02:00","level":"INFO","msg":"filestream: request sent","status":"200 OK"}
{"time":"2026-08-27T10:34:18.105819974+02:00","level":"INFO","msg":"filestream: sending request","total_files":4,"history_offset":134,"history_lines":13,"events_offset":28,"events_lines":2,"console_offset":41,"console_lines":2}
{"time":"2026-08-27T10:34:18.459831106+02:00","level":"INFO","msg":"filestream: request sent","status":"200 OK"}
{"time":"2026-08-27T10:34:33.105599218+02:00","level":"INFO","msg":"filestream: sending request","total_files":4,"history_offset":147,"history_lines":10,"events_offset":30,"events_lines":2,"console_offset":43,"console_lines":2}
{"time":"2026-08-27T10:34:33.456602061+02:00","level":"INFO","msg":"filestream: request sent","status":"200 OK"}
{"time":"2026-08-27T10:34:48.105876208+02:00","level":"INFO","msg":"filestream: sending request","total_files":4,"history_offset":157,"history_lines":12,"events_offset":32,"events_lines":2,"console_offset":45,"console_lines":2}
{"time":"2026-08-27T10:34:48.469668768+02:00","level":"INFO","msg":"filestream: request sent","status":"200 OK"}
{"time":"2026-08-27T10:35:03.105176609+02:00","level":"INFO","msg":"filestream: sending request","total_files":4,"history_offset":169,"history_lines":12,"events_offset":34,"events_lines":2,"console_offset":47,"console_lines":2}
{"time":"2026-08-27T10:35:03.452011675+02:00","level":"INFO","msg":"filestream: request sent","status":"200 OK"}
{"time":"2026-08-27T10:35:18.10502011+02:00","level":"INFO","msg":"filestream: sending request","total_files":4,"history_offset":181,"history_lines":20,"events_offset":36,"events_lines":2,"console_offset":49,"console_lines":2}
{"time":"2026-08-27T10:35:18.465836844+02:00","level":"INFO","msg":"filestream: request sent","status":"200 OK"}
{"time":"2026-08-27T10:35:33.105714923+02:00","level":"INFO","msg":"filestream: sending request","total_files":4,"history_offset":201,"history_lines":10,"events_offset":38,"events_lines":2,"console_offset":51,"console_lines":2}
{"time":"2026-08-27T10:35:33.499234843+02:00","level":"INFO","msg":"filestream: request sent","status":"200 OK"}
{"time":"2026-08-27T10:35:48.105182502+02:00","level":"INFO","msg":"filestream: sending request","total_files":4,"history_offset":211,"history_lines":12,"events_offset":40,"events_lines":2,"console_offset":53,"console_lines":5}
{"time":"2026-08-27T10:35:48.467419511+02:00","level":"INFO","msg":"filestream: request sent","status":"200 OK"}
{"time":"2026-08-27T10:36:03.105696213+02:00","level":"INFO","msg":"filestream: sending request","total_files":1,"events_offset":42,"events_lines":2,"uploaded_len":1}
{"time":"2026-08-27T10:36:03.443527326+02:00","level":"INFO","msg":"filestream: request sent","status":"200 OK"}
{"time":"2026-08-27T10:36:18.104958589+02:00","level":"INFO","msg":"filestream: sending request","total_files":1,"events_offset":44,"events_lines":2}
{"time":"2026-08-27T10:36:18.441586511+02:00","level":"INFO","msg":"filestream: request sent","status":"200 OK"}
{"time":"2026-08-27T10:36:33.105621889+02:00","level":"INFO","msg":"filestream: sending request","total_files":1,"events_offset":46,"events_lines":2}
{"time":"2026-08-27T10:36:33.438493269+02:00","level":"INFO","msg":"filestream: request sent","status":"200 OK"}
{"time":"2026-08-27T10:36:48.105894408+02:00","level":"INFO","msg":"filestream: sending request","total_files":1,"events_offset":48,"events_lines":2}
{"time":"2026-08-27T10:36:48.454068362+02:00","level":"INFO","msg":"filestream: request sent","status":"200 OK"}
{"time":"2026-08-27T10:37:03.10499203+02:00","level":"INFO","msg":"filestream: sending request","total_files":1,"events_offset":50,"events_lines":2}
{"time":"2026-08-27T10:37:03.465370626+02:00","level":"INFO","msg":"filestream: request sent","status":"200 OK"}
{"time":"2026-08-27T10:37:12.468876498+02:00","level":"INFO","msg":"fileTransfer: Close: file transfer manager closed"}
{"time":"2026-08-27T10:37:12.468988289+02:00","level":"INFO","msg":"filestream: sending request","total_files":3,"history_offset":223,"history_lines":1,"console_offset":58,"console_lines":3,"uploaded_len":4,"complete":true,"exit_code":0}
{"time":"2026-08-27T10:37:12.818276436+02:00","level":"INFO","msg":"filestream: request sent","status":"200 OK"}
{"time":"2026-08-27T10:37:12.818937488+02:00","level":"INFO","msg":"handler: operation stats","stats":{}}
{"time":"2026-08-27T10:37:12.820569377+02:00","level":"INFO","msg":"stream: finishing up"}
{"time":"2026-08-27T10:37:12.820576734+02:00","level":"INFO","msg":"handler: closed"}
{"time":"2026-08-27T10:37:12.820600007+02:00","level":"INFO","msg":"sender: closed"}
{"time":"2026-08-27T10:37:12.820602796+02:00","level":"INFO","msg":"stream: all finished"}
