{"time":"2026-08-30T13:11:22.968626488+02:00","level":"INFO","msg":"wandb-core"}
{"time":"2026-08-30T13:11:22.968781104+02:00","level":"INFO","msg":"stream: starting","core version":"0.26.1"}
{"time":"2026-08-30T13:11:23.565974073+02:00","level":"INFO","msg":"stream: created new stream","id":"r3m9uta8"}
{"time":"2026-08-30T13:11:23.566020878+02:00","level":"INFO","msg":"handler: started"}
{"time":"2026-08-30T13:11:23.566100008+02:00","level":"INFO","msg":"stream: started"}
{"time":"2026-08-30T13:11:23.566152196+02:00","level":"INFO","msg":"sender: started"}
{"time":"2026-08-30T13:11:23.566150348+02:00","level":"INFO","msg":"writer: started","stream_id":"r3m9uta8"}
{"time":"2026-08-30T13:11:24.139457075+02:00","level":"ERROR","msg":"git repo not found","error":"repository does not exist"}
{"time":"2026-08-30T13:11:24.191534621+02:00","level":"INFO","msg":"filestream: sending request","total_files":1,"console_offset":0,"console_lines":1}
{"time":"2026-08-30T13:11:24.749741501+02:00","level":"INFO","msg":"filestream: request sent","status":"200 OK"}
{"time":"2026-08-30T13:11:39.192346982+02:00","level":"INFO","msg":"filestream: sending request","total_files":3,"events_offset":0,"events_lines":2,"console_offset":1,"console_lines":12,"uploaded_len":4}
{"time":"2026-08-30T13:11:39.550531001+02:00","level":"INFO","msg":"filestream: request sent","status":"200 OK"}
{"time":"2026-08-30T13:11:54.192591658+02:00","level":"INFO","msg":"filestream: sending request","total_files":4,"history_offset":0,"history_lines":2,"events_offset":2,"events_lines":2,"console_offset":13,"console_lines":1}
{"time":"2026-08-30T13:11:54.538427958+02:00","level":"INFO","msg":"filestream: request sent","status":"200 OK"}
{"time":"2026-08-30T13:12:09.192655358+02:00","level":"INFO","msg":"filestream: sending request","total_files":4,"history_offset":2,"history_lines":12,"events_offset":4,"events_lines":2,"console_offset":14,"console_lines":1}
{"time":"2026-08-30T13:12:09.534614518+02:00","level":"INFO","msg":"filestream: request sent","status":"200 OK"}
{"time":"2026-08-30T13:12:24.191809957+02:00","level":"INFO","msg":"filestream: sending request","total_files":1,"events_offset":6,"events_lines":2}
{"time":"2026-08-30T13:12:24.608972037+02:00","level":"INFO","msg":"filestream: request sent","status":"200 OK"}
{"time":"2026-08-30T13:12:39.191666067+02:00","level":"INFO","msg":"filestream: sending request","total_files":1,"events_offset":8,"events_lines":2}
{"time":"2026-08-30T13:12:39.530108463+02:00","level":"INFO","msg":"filestream: request sent","status":"200 OK"}
{"time":"2026-08-30T13:12:54.192102895+02:00","level":"INFO","msg":"filestream: sending request","total_files":4,"history_offset":14,"history_lines":8,"events_offset":10,"events_lines":2,"console_offset":15,"console_lines":1}
{"time":"2026-08-30T13:12:54.588035993+02:00","level":"INFO","msg":"filestream: request sent","status":"200 OK"}
{"time":"2026-08-30T13:13:09.191804376+02:00","level":"INFO","msg":"filestream: sending request","total_files":1,"events_offset":12,"events_lines":2}
{"time":"2026-08-30T13:13:09.54480412+02:00","level":"INFO","msg":"filestream: request sent","status":"200 OK"}
{"time":"2026-08-30T13:13:24.191993859+02:00","level":"INFO","msg":"filestream: sending request","total_files":3,"history_offset":22,"history_lines":11,"events_offset":14,"events_lines":2}
{"time":"2026-08-30T13:13:24.523183932+02:00","level":"INFO","msg":"filestream: request sent","status":"200 OK"}
{"time":"2026-08-30T13:13:39.192542557+02:00","level":"INFO","msg":"filestream: sending request","total_files":4,"history_offset":33,"history_lines":2,"events_offset":16,"events_lines":2,"console_offset":16,"console_lines":1}
{"time":"2026-08-30T13:13:39.60214028+02:00","level":"INFO","msg":"filestream: request sent","status":"200 OK"}
{"time":"2026-08-30T13:13:54.192351504+02:00","level":"INFO","msg":"filestream: sending request","total_files":1,"events_offset":18,"events_lines":2}
{"time":"2026-08-30T13:13:54.55551802+02:00","level":"INFO","msg":"filestream: request sent","status":"200 OK"}
{"time":"2026-08-30T13:14:09.191802659+02:00","level":"INFO","msg":"filestream: sending request","total_files":1,"events_offset":20,"events_lines":2}
{"time":"2026-08-30T13:14:09.5534403+02:00","level":"INFO","msg":"filestream: request sent","status":"200 OK"}
{"time":"2026-08-30T13:14:24.192040674+02:00","level":"INFO","msg":"filestream: sending request","total_files":1,"events_offset":22,"events_lines":2}
{"time":"2026-08-30T13:14:24.54009667+02:00","level":"INFO","msg":"filestream: request sent","status":"200 OK"}
{"time":"2026-08-30T13:14:39.192642919+02:00","level":"INFO","msg":"filestream: sending request","total_files":4,"history_offset":35,"history_lines":9,"events_offset":24,"events_lines":2,"console_offset":17,"console_lines":1}
{"time":"2026-08-30T13:14:39.537571059+02:00","level":"INFO","msg":"filestream: request sent","status":"200 OK"}
{"time":"2026-08-30T13:14:54.192028082+02:00","level":"INFO","msg":"filestream: sending request","total_files":1,"events_offset":26,"events_lines":2}
{"time":"2026-08-30T13:14:54.546001297+02:00","level":"INFO","msg":"filestream: request sent","status":"200 OK"}
{"time":"2026-08-30T13:15:09.191793443+02:00","level":"INFO","msg":"filestream: sending request","total_files":1,"events_offset":28,"events_lines":2}
{"time":"2026-08-30T13:15:09.575467102+02:00","level":"INFO","msg":"filestream: request sent","status":"200 OK"}
{"time":"2026-08-30T13:15:24.192267032+02:00","level":"INFO","msg":"filestream: sending request","total_files":1,"events_offset":30,"events_lines":2}
{"time":"2026-08-30T13:15:24.547191178+02:00","level":"INFO","msg":"filestream: request sent","status":"200 OK"}
{"time":"2026-08-30T13:15:39.191759195+02:00","level":"INFO","msg":"filestream: sending request","total_files":1,"events_offset":32,"events_lines":2}
{"time":"2026-08-30T13:15:39.580644734+02:00","level":"INFO","msg":"filestream: request sent","status":"200 OK"}
{"time":"2026-08-30T13:15:54.192383657+02:00","level":"INFO","msg":"filestream: sending request","total_files":3,"history_offset":44,"history_lines":10,"events_offset":34,"events_lines":2}
{"time":"2026-08-30T13:15:54.571932922+02:00","level":"INFO","msg":"filestream: request sent","status":"200 OK"}
{"time":"2026-08-30T13:16:09.191897023+02:00","level":"INFO","msg":"filestream: sending request","total_files":4,"history_offset":54,"history_lines":2,"events_offset":36,"events_lines":2,"console_offset":18,"console_lines":1}
{"time":"2026-08-30T13:16:09.604649194+02:00","level":"INFO","msg":"filestream: request sent","status":"200 OK"}
{"time":"2026-08-30T13:16:24.192300144+02:00","level":"INFO","msg":"filestream: sending request","total_files":1,"events_offset":38,"events_lines":2}
{"time":"2026-08-30T13:16:24.578564997+02:00","level":"INFO","msg":"filestream: request sent","status":"200 OK"}
{"time":"2026-08-30T13:16:39.191904381+02:00","level":"INFO","msg":"filestream: sending request","total_files":1,"events_offset":40,"events_lines":2}
{"time":"2026-08-30T13:16:39.562010346+02:00","level":"INFO","msg":"filestream: request sent","status":"200 OK"}
{"time":"2026-08-30T13:16:54.192296636+02:00","level":"INFO","msg":"filestream: sending request","total_files":1,"events_offset":42,"events_lines":2}
{"time":"2026-08-30T13:16:54.54536345+02:00","level":"INFO","msg":"filestream: request sent","status":"200 OK"}
{"time":"2026-08-30T13:17:09.19215854+02:00","level":"INFO","msg":"filestream: sending request","total_files":1,"events_offset":44,"events_lines":2}
{"time":"2026-08-30T13:17:09.586482861+02:00","level":"INFO","msg":"filestream: request sent","status":"200 OK"}
{"time":"2026-08-30T13:17:24.192414512+02:00","level":"INFO","msg":"filestream: sending request","total_files":1,"events_offset":46,"events_lines":2}
{"time":"2026-08-30T13:17:24.566511676+02:00","level":"INFO","msg":"filestream: request sent","status":"200 OK"}
{"time":"2026-08-30T13:17:39.191837502+02:00","level":"INFO","msg":"filestream: sending request","total_files":4,"history_offset":56,"history_lines":9,"events_offset":48,"events_lines":2,"console_offset":19,"console_lines":1}
{"time":"2026-08-30T13:17:39.611724536+02:00","level":"INFO","msg":"filestream: request sent","status":"200 OK"}
{"time":"2026-08-30T13:17:54.192558631+02:00","level":"INFO","msg":"filestream: sending request","total_files":1,"events_offset":50,"events_lines":2}
{"time":"2026-08-30T13:17:54.542187933+02:00","level":"INFO","msg":"filestream: request sent","status":"200 OK"}
{"time":"2026-08-30T13:18:09.192468566+02:00","level":"INFO","msg":"filestream: sending request","total_files":1,"events_offset":52,"events_lines":2}
{"time":"2026-08-30T13:18:09.572328624+02:00","level":"INFO","msg":"filestream: request sent","status":"200 OK"}
{"time":"2026-08-30T13:18:24.191972828+02:00","level":"INFO","msg":"filestream: sending request","total_files":1,"events_offset":54,"events_lines":2}
{"time":"2026-08-30T13:18:24.554376281+02:00","level":"INFO","msg":"filestream: request sent","status":"200 OK"}
{"time":"2026-08-30T13:18:39.192031703+02:00","level":"INFO","msg":"filestream: sending request","total_files":1,"events_offset":56,"events_lines":2}
{"time":"2026-08-30T13:18:39.557035275+02:00","level":"INFO","msg":"filestream: request sent","status":"200 OK"}
{"time":"2026-08-30T13:18:54.191787579+02:00","level":"INFO","msg":"filestream: sending request","total_files":1,"events_offset":58,"events_lines":2}
{"time":"2026-08-30T13:18:54.540646944+02:00","level":"INFO","msg":"filestream: request sent","status":"200 OK"}
{"time":"2026-08-30T13:19:09.192383122+02:00","level":"INFO","msg":"filestream: sending request","total_files":3,"history_offset":65,"history_lines":14,"events_offset":60,"events_lines":2}
{"time":"2026-08-30T13:19:09.578763873+02:00","level":"INFO","msg":"filestream: request sent","status":"200 OK"}
{"time":"2026-08-30T13:19:24.192018097+02:00","level":"INFO","msg":"filestream: sending request","total_files":4,"history_offset":79,"history_lines":2,"events_offset":62,"events_lines":2,"console_offset":20,"console_lines":1}
{"time":"2026-08-30T13:19:24.576350747+02:00","level":"INFO","msg":"filestream: request sent","status":"200 OK"}
{"time":"2026-08-30T13:19:39.192165516+02:00","level":"INFO","msg":"filestream: sending request","total_files":1,"events_offset":64,"events_lines":2}
{"time":"2026-08-30T13:19:39.566334393+02:00","level":"INFO","msg":"filestream: request sent","status":"200 OK"}
{"time":"2026-08-30T13:19:54.191895671+02:00","level":"INFO","msg":"filestream: sending request","total_files":1,"events_offset":66,"events_lines":2}
{"time":"2026-08-30T13:19:54.539814707+02:00","level":"INFO","msg":"filestream: request sent","status":"200 OK"}
{"time":"2026-08-30T13:20:09.1921622+02:00","level":"INFO","msg":"filestream: sending request","total_files":1,"events_offset":68,"events_lines":2}
{"time":"2026-08-30T13:20:09.579137943+02:00","level":"INFO","msg":"filestream: request sent","status":"200 OK"}
{"time":"2026-08-30T13:20:24.19167375+02:00","level":"INFO","msg":"filestream: sending request","total_files":1,"events_offset":70,"events_lines":2}
{"time":"2026-08-30T13:20:24.598974571+02:00","level":"INFO","msg":"filestream: request sent","status":"200 OK"}
{"time":"2026-08-30T13:20:39.192455546+02:00","level":"INFO","msg":"filestream: sending request","total_files":4,"history_offset":81,"history_lines":10,"events_offset":72,"events_lines":2,"console_offset":21,"console_lines":1}
{"time":"2026-08-30T13:20:39.559398571+02:00","level":"INFO","msg":"filestream: request sent","status":"200 OK"}
{"time":"2026-08-30T13:20:54.192291929+02:00","level":"INFO","msg":"filestream: sending request","total_files":1,"events_offset":74,"events_lines":2}
{"time":"2026-08-30T13:20:54.583209822+02:00","level":"INFO","msg":"filestream: request sent","status":"200 OK"}
{"time":"2026-08-30T13:21:09.191948686+02:00","level":"INFO","msg":"filestream: sending request","total_files":1,"events_offset":76,"events_lines":2}
{"time":"2026-08-30T13:21:09.572575656+02:00","level":"INFO","msg":"filestream: request sent","status":"200 OK"}
{"time":"2026-08-30T13:21:24.191797727+02:00","level":"INFO","msg":"filestream: sending request","total_files":1,"events_offset":78,"events_lines":2}
{"time":"2026-08-30T13:21:24.569858397+02:00","level":"INFO","msg":"filestream: request sent","status":"200 OK"}
{"time":"2026-08-30T13:21:39.192566092+02:00","level":"INFO","msg":"filestream: sending request","total_files":1,"events_offset":80,"events_lines":2}
{"time":"2026-08-30T13:21:39.656905339+02:00","level":"INFO","msg":"filestream: request sent","status":"200 OK"}
{"time":"2026-08-30T13:21:54.192252336+02:00","level":"INFO","msg":"filestream: sending request","total_files":4,"history_offset":91,"history_lines":15,"events_offset":82,"events_lines":2,"console_offset":22,"console_lines":1}
{"time":"2026-08-30T13:21:54.561983847+02:00","level":"INFO","msg":"filestream: request sent","status":"200 OK"}
{"time":"2026-08-30T13:22:09.191981344+02:00","level":"INFO","msg":"filestream: sending request","total_files":1,"events_offset":84,"events_lines":2}
{"time":"2026-08-30T13:22:09.559421703+02:00","level":"INFO","msg":"filestream: request sent","status":"200 OK"}
{"time":"2026-08-30T13:22:24.191885955+02:00","level":"INFO","msg":"filestream: sending request","total_files":1,"events_offset":86,"events_lines":2}
{"time":"2026-08-30T13:22:24.545066456+02:00","level":"INFO","msg":"filestream: request sent","status":"200 OK"}
{"time":"2026-08-30T13:22:39.192454819+02:00","level":"INFO","msg":"filestream: sending request","total_files":1,"events_offset":88,"events_lines":2}
{"time":"2026-08-30T13:22:39.549445017+02:00","level":"INFO","msg":"filestream: request sent","status":"200 OK"}
{"time":"2026-08-30T13:22:54.191969931+02:00","level":"INFO","msg":"filestream: sending request","total_files":1,"events_offset":90,"events_lines":2}
{"time":"2026-08-30T13:22:54.554530656+02:00","level":"INFO","msg":"filestream: request sent","status":"200 OK"}
{"time":"2026-08-30T13:23:09.19165541+02:00","level":"INFO","msg":"filestream: sending request","total_files":1,"events_offset":92,"events_lines":2}
{"time":"2026-08-30T13:23:09.540048385+02:00","level":"INFO","msg":"filestream: request sent","status":"200 OK"}
{"time":"2026-08-30T13:23:24.192323017+02:00","level":"INFO","msg":"filestream: sending request","total_files":3,"history_offset":106,"history_lines":5,"events_offset":94,"events_lines":2}
{"time":"2026-08-30T13:23:24.572668144+02:00","level":"INFO","msg":"filestream: request sent","status":"200 OK"}
{"time":"2026-08-30T13:23:39.191952278+02:00","level":"INFO","msg":"filestream: sending request","total_files":4,"history_offset":111,"history_lines":2,"events_offset":96,"events_lines":2,"console_offset":23,"console_lines":1}
{"time":"2026-08-30T13:23:39.560002602+02:00","level":"INFO","msg":"filestream: request sent","status":"200 OK"}
{"time":"2026-08-30T13:23:54.1919211+02:00","level":"INFO","msg":"filestream: sending request","total_files":1,"events_offset":98,"events_lines":2}
{"time":"2026-08-30T13:23:54.551946639+02:00","level":"INFO","msg":"filestream: request sent","status":"200 OK"}
{"time":"2026-08-30T13:24:09.19222272+02:00","level":"INFO","msg":"filestream: sending request","total_files":1,"events_offset":100,"events_lines":2}
{"time":"2026-08-30T13:24:09.578648135+02:00","level":"INFO","msg":"filestream: request sent","status":"200 OK"}
{"time":"2026-08-30T13:24:24.191894207+02:00","level":"INFO","msg":"filestream: sending request","total_files":1,"events_offset":102,"events_lines":2}
{"time":"2026-08-30T13:24:24.529987554+02:00","level":"INFO","msg":"filestream: request sent","status":"200 OK"}
{"time":"2026-08-30T13:24:39.191740809+02:00","level":"INFO","msg":"filestream: sending request","total_files":1,"events_offset":104,"events_lines":2}
{"time":"2026-08-30T13:24:39.550597589+02:00","level":"INFO","msg":"filestream: request sent","status":"200 OK"}
{"time":"2026-08-30T13:24:54.191693019+02:00","level":"INFO","msg":"filestream: sending request","total_files":4,"history_offset":113,"history_lines":15,"events_offset":106,"events_lines":2,"console_offset":24,"console_lines":1}
{"time":"2026-08-30T13:24:54.569098645+02:00","level":"INFO","msg":"filestream: request sent","status":"200 OK"}
{"time":"2026-08-30T13:25:09.192110768+02:00","level":"INFO","msg":"filestream: sending request","total_files":1,"events_offset":108,"events_lines":2}
{"time":"2026-08-30T13:25:09.572148146+02:00","level":"INFO","msg":"filestream: request sent","status":"200 OK"}
{"time":"2026-08-30T13:25:24.191968263+02:00","level":"INFO","msg":"filestream: sending request","total_files":1,"events_offset":110,"events_lines":2}
{"time":"2026-08-30T13:25:24.571610122+02:00","level":"INFO","msg":"filestream: request sent","status":"200 OK"}
{"time":"2026-08-30T13:25:39.192160851+02:00","level":"INFO","msg":"filestream: sending request","total_files":1,"events_offset":112,"events_lines":2}
{"time":"2026-08-30T13:25:39.571839795+02:00","level":"INFO","msg":"filestream: request sent","status":"200 OK"}
{"time":"2026-08-30T13:25:54.192568904+02:00","level":"INFO","msg":"filestream: sending request","total_files":1,"events_offset":114,"events_lines":2}
{"time":"2026-08-30T13:25:54.556714541+02:00","level":"INFO","msg":"filestream: request sent","status":"200 OK"}
{"time":"2026-08-30T13:26:09.192572465+02:00","level":"INFO","msg":"filestream: sending request","total_files":4,"history_offset":128,"history_lines":6,"events_offset":116,"events_lines":2,"console_offset":25,"console_lines":1}
{"time":"2026-08-30T13:26:09.630753687+02:00","level":"INFO","msg":"filestream: request sent","status":"200 OK"}
{"time":"2026-08-30T13:26:24.191636111+02:00","level":"INFO","msg":"filestream: sending request","total_files":1,"events_offset":118,"events_lines":2}
{"time":"2026-08-30T13:26:24.550852092+02:00","level":"INFO","msg":"filestream: request sent","status":"200 OK"}
{"time":"2026-08-30T13:26:39.192230004+02:00","level":"INFO","msg":"filestream: sending request","total_files":1,"events_offset":120,"events_lines":2}
{"time":"2026-08-30T13:26:39.549055857+02:00","level":"INFO","msg":"filestream: request sent","status":"200 OK"}
{"time":"2026-08-30T13:26:54.19209706+02:00","level":"INFO","msg":"filestream: sending request","total_files":1,"events_offset":122,"events_lines":2}
{"time":"2026-08-30T13:26:54.613172969+02:00","level":"INFO","msg":"filestream: request sent","status":"200 OK"}
{"time":"2026-08-30T13:27:09.19225468+02:00","level":"INFO","msg":"filestream: sending request","total_files":1,"events_offset":124,"events_lines":2}
{"time":"2026-08-30T13:27:09.599298679+02:00","level":"INFO","msg":"filestream: request sent","status":"200 OK"}
{"time":"2026-08-30T13:27:24.192093813+02:00","level":"INFO","msg":"filestream: sending request","total_files":4,"history_offset":134,"history_lines":16,"events_offset":126,"events_lines":2,"console_offset":26,"console_lines":1}
{"time":"2026-08-30T13:27:24.570863435+02:00","level":"INFO","msg":"filestream: request sent","status":"200 OK"}
{"time":"2026-08-30T13:27:39.192195772+02:00","level":"INFO","msg":"filestream: sending request","total_files":1,"events_offset":128,"events_lines":2}
{"time":"2026-08-30T13:27:39.552300202+02:00","level":"INFO","msg":"filestream: request sent","status":"200 OK"}
{"time":"2026-08-30T13:27:54.192428246+02:00","level":"INFO","msg":"filestream: sending request","total_files":1,"events_offset":130,"events_lines":2}
{"time":"2026-08-30T13:27:54.622255427+02:00","level":"INFO","msg":"filestream: request sent","status":"200 OK"}
{"time":"2026-08-30T13:28:09.191929951+02:00","level":"INFO","msg":"filestream: sending request","total_files":1,"events_offset":132,"events_lines":2}
{"time":"2026-08-30T13:28:09.545926655+02:00","level":"INFO","msg":"filestream: request sent","status":"200 OK"}
{"time":"2026-08-30T13:28:24.19221155+02:00","level":"INFO","msg":"filestream: sending request","total_files":1,"events_offset":134,"events_lines":2}
{"time":"2026-08-30T13:28:24.619113889+02:00","level":"INFO","msg":"filestream: request sent","status":"200 OK"}
{"time":"2026-08-30T13:28:39.191660065+02:00","level":"INFO","msg":"filestream: sending request","total_files":4,"history_offset":150,"history_lines":15,"events_offset":136,"events_lines":2,"console_offset":27,"console_lines":1}
{"time":"2026-08-30T13:28:39.560776918+02:00","level":"INFO","msg":"filestream: request sent","status":"200 OK"}
{"time":"2026-08-30T13:28:54.191717802+02:00","level":"INFO","msg":"filestream: sending request","total_files":1,"events_offset":138,"events_lines":2}
{"time":"2026-08-30T13:28:54.552111763+02:00","level":"INFO","msg":"filestream: request sent","status":"200 OK"}
{"time":"2026-08-30T13:29:09.191560965+02:00","level":"INFO","msg":"filestream: sending request","total_files":1,"events_offset":140,"events_lines":2}
{"time":"2026-08-30T13:29:09.580533448+02:00","level":"INFO","msg":"filestream: request sent","status":"200 OK"}
{"time":"2026-08-30T13:29:24.19229807+02:00","level":"INFO","msg":"filestream: sending request","total_files":1,"events_offset":142,"events_lines":2}
{"time":"2026-08-30T13:29:24.556047998+02:00","level":"INFO","msg":"filestream: request sent","status":"200 OK"}
{"time":"2026-08-30T13:29:39.192108848+02:00","level":"INFO","msg":"filestream: sending request","total_files":1,"events_offset":144,"events_lines":2}
{"time":"2026-08-30T13:29:39.58219018+02:00","level":"INFO","msg":"filestream: request sent","status":"200 OK"}
{"time":"2026-08-30T13:29:54.192164046+02:00","level":"INFO","msg":"filestream: sending request","total_files":4,"history_offset":165,"history_lines":6,"events_offset":146,"events_lines":2,"console_offset":28,"console_lines":1}
{"time":"2026-08-30T13:29:54.561240893+02:00","level":"INFO","msg":"filestream: request sent","status":"200 OK"}
{"time":"2026-08-30T13:30:09.191743359+02:00","level":"INFO","msg":"filestream: sending request","total_files":1,"events_offset":148,"events_lines":2}
{"time":"2026-08-30T13:30:09.613948037+02:00","level":"INFO","msg":"filestream: request sent","status":"200 OK"}
{"time":"2026-08-30T13:30:24.191698832+02:00","level":"INFO","msg":"filestream: sending request","total_files":1,"events_offset":150,"events_lines":2}
{"time":"2026-08-30T13:30:24.617182999+02:00","level":"INFO","msg":"filestream: request sent","status":"200 OK"}
{"time":"2026-08-30T13:30:39.191740289+02:00","level":"INFO","msg":"filestream: sending request","total_files":1,"events_offset":152,"events_lines":2}
{"time":"2026-08-30T13:30:39.653433168+02:00","level":"INFO","msg":"filestream: request sent","status":"200 OK"}
{"time":"2026-08-30T13:30:54.192327645+02:00","level":"INFO","msg":"filestream: sending request","total_files":1,"events_offset":154,"events_lines":2}
{"time":"2026-08-30T13:30:54.560976535+02:00","level":"INFO","msg":"filestream: request sent","status":"200 OK"}
{"time":"2026-08-30T13:31:09.191505958+02:00","level":"INFO","msg":"filestream: sending request","total_files":1,"events_offset":156,"events_lines":2}
{"time":"2026-08-30T13:31:09.576624038+02:00","level":"INFO","msg":"filestream: request sent","status":"200 OK"}
{"time":"2026-08-30T13:31:24.192605655+02:00","level":"INFO","msg":"filestream: sending request","total_files":3,"history_offset":171,"history_lines":12,"events_offset":158,"events_lines":2}
{"time":"2026-08-30T13:31:24.591087261+02:00","level":"INFO","msg":"filestream: request sent","status":"200 OK"}
{"time":"2026-08-30T13:31:39.191678686+02:00","level":"INFO","msg":"filestream: sending request","total_files":4,"history_offset":183,"history_lines":2,"events_offset":160,"events_lines":2,"console_offset":29,"console_lines":6,"uploaded_len":1}
{"time":"2026-08-30T13:31:39.584061666+02:00","level":"INFO","msg":"filestream: request sent","status":"200 OK"}
{"time":"2026-08-30T13:31:54.195278845+02:00","level":"INFO","msg":"filestream: sending request","total_files":1,"events_offset":162,"events_lines":2}
{"time":"2026-08-30T13:31:54.601396472+02:00","level":"INFO","msg":"filestream: request sent","status":"200 OK"}
{"time":"2026-08-30T13:32:09.19208094+02:00","level":"INFO","msg":"filestream: sending request","total_files":1,"events_offset":164,"events_lines":2}
{"time":"2026-08-30T13:32:09.600759871+02:00","level":"INFO","msg":"filestream: request sent","status":"200 OK"}
{"time":"2026-08-30T13:32:24.191967199+02:00","level":"INFO","msg":"filestream: sending request","total_files":1,"events_offset":166,"events_lines":2}
{"time":"2026-08-30T13:32:24.568598092+02:00","level":"INFO","msg":"filestream: request sent","status":"200 OK"}
{"time":"2026-08-30T13:32:39.192413015+02:00","level":"INFO","msg":"filestream: sending request","total_files":1,"events_offset":168,"events_lines":2}
{"time":"2026-08-30T13:32:39.558911641+02:00","level":"INFO","msg":"filestream: request sent","status":"200 OK"}
{"time":"2026-08-30T13:32:54.191859785+02:00","level":"INFO","msg":"filestream: sending request","total_files":1,"events_offset":170,"events_lines":2}
{"time":"2026-08-30T13:32:54.609778345+02:00","level":"INFO","msg":"filestream: request sent","status":"200 OK"}
{"time":"2026-08-30T13:33:09.191945481+02:00","level":"INFO","msg":"filestream: sending request","total_files":1,"events_offset":172,"events_lines":2}
{"time":"2026-08-30T13:33:09.61085096+02:00","level":"INFO","msg":"filestream: request sent","status":"200 OK"}
{"time":"2026-08-30T13:33:24.192033231+02:00","level":"INFO","msg":"filestream: sending request","total_files":1,"events_offset":174,"events_lines":2}
{"time":"2026-08-30T13:33:24.561962634+02:00","level":"INFO","msg":"filestream: request sent","status":"200 OK"}
{"time":"2026-08-30T13:33:39.191868945+02:00","level":"INFO","msg":"filestream: sending request","total_files":1,"events_offset":176,"events_lines":2}
{"time":"2026-08-30T13:33:40.251818511+02:00","level":"INFO","msg":"filestream: request sent","status":"200 OK"}
{"time":"2026-08-30T13:33:54.192328535+02:00","level":"INFO","msg":"filestream: sending request","total_files":1,"events_offset":178,"events_lines":2}
{"time":"2026-08-30T13:33:54.565135101+02:00","level":"INFO","msg":"filestream: request sent","status":"200 OK"}
{"time":"2026-08-30T13:34:09.191563739+02:00","level":"INFO","msg":"filestream: sending request","total_files":1,"events_offset":180,"events_lines":2}
{"time":"2026-08-30T13:34:09.582374555+02:00","level":"INFO","msg":"filestream: request sent","status":"200 OK"}
{"time":"2026-08-30T13:34:24.191623007+02:00","level":"INFO","msg":"filestream: sending request","total_files":1,"events_offset":182,"events_lines":2}
{"time":"2026-08-30T13:34:24.559090375+02:00","level":"INFO","msg":"filestream: request sent","status":"200 OK"}
{"time":"2026-08-30T13:34:39.192178823+02:00","level":"INFO","msg":"filestream: sending request","total_files":1,"events_offset":184,"events_lines":2}
{"time":"2026-08-30T13:34:39.56475058+02:00","level":"INFO","msg":"filestream: request sent","status":"200 OK"}
{"time":"2026-08-30T13:34:54.191728403+02:00","level":"INFO","msg":"filestream: sending request","total_files":1,"events_offset":186,"events_lines":2}
{"time":"2026-08-30T13:34:54.570526914+02:00","level":"INFO","msg":"filestream: request sent","status":"200 OK"}
{"time":"2026-08-30T13:35:09.192428628+02:00","level":"INFO","msg":"filestream: sending request","total_files":1,"events_offset":188,"events_lines":2}
{"time":"2026-08-30T13:35:09.625257177+02:00","level":"INFO","msg":"filestream: request sent","status":"200 OK"}
{"time":"2026-08-30T13:35:24.192309523+02:00","level":"INFO","msg":"filestream: sending request","total_files":1,"events_offset":190,"events_lines":2}
{"time":"2026-08-30T13:35:24.550821643+02:00","level":"INFO","msg":"filestream: request sent","status":"200 OK"}
{"time":"2026-08-30T13:35:39.192460569+02:00","level":"INFO","msg":"filestream: sending request","total_files":1,"events_offset":192,"events_lines":2}
{"time":"2026-08-30T13:35:39.556867204+02:00","level":"INFO","msg":"filestream: request sent","status":"200 OK"}
{"time":"2026-08-30T13:35:54.192157757+02:00","level":"INFO","msg":"filestream: sending request","total_files":1,"events_offset":194,"events_lines":2}
{"time":"2026-08-30T13:35:54.541742808+02:00","level":"INFO","msg":"filestream: request sent","status":"200 OK"}
{"time":"2026-08-30T13:36:09.191754545+02:00","level":"INFO","msg":"filestream: sending request","total_files":1,"events_offset":196,"events_lines":2}
{"time":"2026-08-30T13:36:09.658166655+02:00","level":"INFO","msg":"filestream: request sent","status":"200 OK"}
{"time":"2026-08-30T13:36:24.191979098+02:00","level":"INFO","msg":"filestream: sending request","total_files":1,"events_offset":198,"events_lines":2}
{"time":"2026-08-30T13:36:24.558165216+02:00","level":"INFO","msg":"filestream: request sent","status":"200 OK"}
{"time":"2026-08-30T13:36:39.192300351+02:00","level":"INFO","msg":"filestream: sending request","total_files":1,"events_offset":200,"events_lines":2}
{"time":"2026-08-30T13:36:39.666768603+02:00","level":"INFO","msg":"filestream: request sent","status":"200 OK"}
{"time":"2026-08-30T13:36:54.192242441+02:00","level":"INFO","msg":"filestream: sending request","total_files":1,"events_offset":202,"events_lines":2}
{"time":"2026-08-30T13:36:54.57294958+02:00","level":"INFO","msg":"filestream: request sent","status":"200 OK"}
{"time":"2026-08-30T13:37:09.192043053+02:00","level":"INFO","msg":"filestream: sending request","total_files":1,"events_offset":204,"events_lines":2}
{"time":"2026-08-30T13:37:09.619819792+02:00","level":"INFO","msg":"filestream: request sent","status":"200 OK"}
{"time":"2026-08-30T13:37:24.191819589+02:00","level":"INFO","msg":"filestream: sending request","total_files":1,"events_offset":206,"events_lines":2}
{"time":"2026-08-30T13:37:24.622748558+02:00","level":"INFO","msg":"filestream: request sent","status":"200 OK"}
{"time":"2026-08-30T13:37:39.191994835+02:00","level":"INFO","msg":"filestream: sending request","total_files":1,"events_offset":208,"events_lines":2}
{"time":"2026-08-30T13:37:39.58151988+02:00","level":"INFO","msg":"filestream: request sent","status":"200 OK"}
{"time":"2026-08-30T13:37:54.192414026+02:00","level":"INFO","msg":"filestream: sending request","total_files":1,"events_offset":210,"events_lines":2}
{"time":"2026-08-30T13:37:54.570162229+02:00","level":"INFO","msg":"filestream: request sent","status":"200 OK"}
{"time":"2026-08-30T13:38:09.191636265+02:00","level":"INFO","msg":"filestream: sending request","total_files":1,"events_offset":212,"events_lines":2}
{"time":"2026-08-30T13:38:09.596344671+02:00","level":"INFO","msg":"filestream: request sent","status":"200 OK"}
{"time":"2026-08-30T13:38:24.19235175+02:00","level":"INFO","msg":"filestream: sending request","total_files":1,"events_offset":214,"events_lines":2}
{"time":"2026-08-30T13:38:25.281367188+02:00","level":"INFO","msg":"filestream: request sent","status":"200 OK"}
{"time":"2026-08-30T13:38:39.192451194+02:00","level":"INFO","msg":"filestream: sending request","total_files":1,"events_offset":216,"events_lines":2}
{"time":"2026-08-30T13:38:39.53378921+02:00","level":"INFO","msg":"filestream: request sent","status":"200 OK"}
{"time":"2026-08-30T13:38:54.192311268+02:00","level":"INFO","msg":"filestream: sending request","total_files":1,"events_offset":218,"events_lines":2}
{"time":"2026-08-30T13:38:54.563508626+02:00","level":"INFO","msg":"filestream: request sent","status":"200 OK"}
{"time":"2026-08-30T13:39:09.191631187+02:00","level":"INFO","msg":"filestream: sending request","total_files":1,"events_offset":220,"events_lines":2}
{"time":"2026-08-30T13:39:09.619890644+02:00","level":"INFO","msg":"filestream: request sent","status":"200 OK"}
{"time":"2026-08-30T13:39:24.191823439+02:00","level":"INFO","msg":"filestream: sending request","total_files":1,"events_offset":222,"events_lines":2}
{"time":"2026-08-30T13:39:24.552944267+02:00","level":"INFO","msg":"filestream: request sent","status":"200 OK"}
{"time":"2026-08-30T13:39:39.192228983+02:00","level":"INFO","msg":"filestream: sending request","total_files":3,"history_offset":185,"history_lines":1,"console_offset":35,"console_lines":3}
{"time":"2026-08-30T13:39:39.641205891+02:00","level":"INFO","msg":"filestream: request sent","status":"200 OK"}
{"time":"2026-08-30T13:39:41.742962266+02:00","level":"INFO","msg":"fileTransfer: Close: file transfer manager closed"}
{"time":"2026-08-30T13:39:41.743004333+02:00","level":"INFO","msg":"filestream: sending request","total_files":0,"uploaded_len":4,"complete":true,"exit_code":0}
{"time":"2026-08-30T13:39:42.078606594+02:00","level":"INFO","msg":"filestream: request sent","status":"200 OK"}
{"time":"2026-08-30T13:39:42.079589222+02:00","level":"INFO","msg":"handler: operation stats","stats":{}}
{"time":"2026-08-30T13:39:42.081705391+02:00","level":"INFO","msg":"stream: finishing up"}
{"time":"2026-08-30T13:39:42.081711306+02:00","level":"INFO","msg":"handler: closed"}
{"time":"2026-08-30T13:39:42.08173662+02:00","level":"INFO","msg":"sender: closed"}
{"time":"2026-08-30T13:39:42.081739018+02:00","level":"INFO","msg":"stream: all finished"}
