2026-08-30 13:11:22,736 INFO    MainThread:201945 [wandb_setup.py:_flush():81] Current SDK version is 0.26.1
2026-08-30 13:11:22,736 INFO    MainThread:201945 [wandb_setup.py:_flush():81] Configure stats pid to 201945
2026-08-30 13:11:22,736 INFO    MainThread:201945 [wandb_setup.py:_flush():81] Loading settings from environment variables
2026-08-30 13:11:22,736 INFO    MainThread:201945 [wandb_init.py:setup_run_log_directory():723] Logging user logs to /home/rhatos/wiki/Honours/Project/Demo/transformers-for-variable-action-envs/wandb/run-20260830_131122-r3m9uta8/logs/debug.log
2026-08-30 13:11:22,736 INFO    MainThread:201945 [wandb_init.py:setup_run_log_directory():724] Logging internal logs to /home/rhatos/wiki/Honours/Project/Demo/transformers-for-variable-action-envs/wandb/run-20260830_131122-r3m9uta8/logs/debug-internal.log
2026-08-30 13:11:22,736 INFO    MainThread:201945 [wandb_init.py:init():850] calling init triggers
2026-08-30 13:11:22,736 INFO    MainThread:201945 [wandb_init.py:init():855] wandb.init called with sweep_config: {}
config: {'checkpoint': 'example_models/16x16/agent.pt', 'opponent': 'tiamat', 'max_steps': 1000000, 'lr': 0.00025, 'ent_coef': 0.01, 'anneal_lr': True, 'cosine': False, 'reset_optimizer': False, 'resume': False, 'resume_from': None, 'export_only': False, 'num_workers': 24, 'num_steps': 256, 'n_minibatch': 4, 'update_epochs': 4, 'gamma': 0.99, 'gae': True, 'gae_lambda': 0.95, 'clip_coef': 0.1, 'clip_vloss': True, 'norm_adv': True, 'vf_coef': 0.5, 'max_grad_norm': 0.5, 'cuda': True, 'seed': 1, 'reward_weights': [20.0, 1.0, 1.0, 0.2, 1.0, 4.0], 'sparse_rewards': False, 'agent_type': 'embedded', 'attention_heads': 7, 'map_h': 16, 'map_w': 16, 'embed_size': 64, 'winrate_window': 5, 'eval_every': 100000, 'eval_games': 50, 'eval_max_steps': 2000, 'eval_winrate': 0.9, 'eval_workers': 32, 'eval_record': False, 'eval_video_length': 2000, 'wandb_project': 'fun-microrts', 'wandb_entity': None, 'run_name': 'agent-tiamat', 'save_dir': 'models', 'out_checkpoint': 'models/agent-tiamat.pt', 'run_id_file': 'run_id_finetune.txt', 'config_csv': None, 'config_csv_enabled': True, 'resume_path': None, 'transformer_layers': 5, 'feed_forward_neurons': 512, 'padding': 0, 'eval_opponent': 'tiamat', 'device': device(type='cuda'), 'source_checkpoint': 'example_models/16x16/agent.pt', 'finetune_opponent': 'tiamat', '_wandb': {'code_path': 'code/finetune_transformer.py'}}
2026-08-30 13:11:22,736 INFO    MainThread:201945 [wandb_init.py:init():898] starting backend
2026-08-30 13:11:22,955 INFO    MainThread:201945 [wandb_init.py:init():913] sending inform_init request
2026-08-30 13:11:23,566 INFO    MainThread:201945 [wandb_init.py:init():918] backend started and connected
2026-08-30 13:11:23,577 INFO    MainThread:201945 [wandb_init.py:init():988] updated telemetry
2026-08-30 13:11:23,578 INFO    MainThread:201945 [wandb_init.py:init():1011] communicating run to backend with 90.0 second timeout
2026-08-30 13:11:24,138 INFO    MainThread:201945 [wandb_init.py:init():1056] starting run threads in backend
2026-08-30 13:11:24,188 INFO    MainThread:201945 [wandb_run.py:_console_start():2554] atexit reg
2026-08-30 13:11:24,188 INFO    MainThread:201945 [wandb_run.py:_redirect():2403] redirect: wrap_raw
2026-08-30 13:11:24,188 INFO    MainThread:201945 [wandb_run.py:_redirect():2472] Wrapping output streams.
2026-08-30 13:11:24,188 INFO    MainThread:201945 [wandb_run.py:_redirect():2495] Redirects installed.
2026-08-30 13:11:24,190 INFO    MainThread:201945 [wandb_init.py:init():1094] run started, returning control to user process
2026-08-30 13:39:37,305 INFO    MainThread:201945 [wandb_run.py:_finish():2321] finishing run rhatos-university-of-cape-town/fun-microrts/r3m9uta8
2026-08-30 13:39:37,307 INFO    MainThread:201945 [wandb_run.py:_atexit_cleanup():2520] got exitcode: 0
2026-08-30 13:39:37,307 INFO    MainThread:201945 [wandb_run.py:_restore():2502] restore
2026-08-30 13:39:37,307 INFO    MainThread:201945 [wandb_run.py:_restore():2508] restore done
2026-08-30 13:39:42,081 INFO    MainThread:201945 [wandb_run.py:_footer_sync_info():3889] logging synced files
