New wandb run: tqlgxayp_GOOD-mixedBot (g09rqp8w)
Run id g09rqp8w written to run_id_finetune.txt
[34m[1mwandb[0m: [33mWARNING[0m The get_url method is deprecated and will be removed in a future release. Please use `run.url` instead.
Run config (75 parameters) → models/configs/tqlgxayp_GOOD-mixedBot_g09rqp8w_config.csv
[34m[1mwandb[0m: [33mWARNING[0m Symlinked 1 file into the W&B run directory; call wandb.save again to sync new files.
Opponents: {0: 'mixedBot', 1: 'mixedBot', 2: 'mixedBot', 3: 'mixedBot', 4: 'mixedBot', 5: 'mixedBot', 6: 'mixedBot', 7: 'mixedBot', 8: 'mixedBot', 9: 'mixedBot', 10: 'mixedBot', 11: 'mixedBot', 12: 'mixedBot', 13: 'mixedBot', 14: 'mixedBot', 15: 'mixedBot', 16: 'mixedBot', 17: 'mixedBot', 18: 'mixedBot', 19: 'mixedBot', 20: 'mixedBot', 21: 'mixedBot', 22: 'mixedBot', 23: 'mixedBot', 24: 'mixedBot', 25: 'mixedBot', 26: 'mixedBot', 27: 'mixedBot', 28: 'mixedBot', 29: 'mixedBot', 30: 'mixedBot', 31: 'mixedBot', 32: 'mixedBot', 33: 'mixedBot', 34: 'mixedBot', 35: 'mixedBot', 36: 'mixedBot', 37: 'mixedBot', 38: 'mixedBot', 39: 'mixedBot', 40: 'mixedBot', 41: 'mixedBot', 42: 'mixedBot', 43: 'mixedBot', 44: 'mixedBot', 45: 'mixedBot', 46: 'mixedBot', 47: 'mixedBot'}
Action space: [6, 4, 4, 4, 4, 7, 49]  (sum=78)
Model parameters: 4,394,320
cosine: False
  optimizer: Adam moments restored from the checkpoint
Loaded models/tqlgxayp_GOOD.pt (trained to step 285,717,600)
Fine-tuning vs mixedBot for 1,000,000 steps, counting from 0
Fine-tuning | 48 envs vs mixedBot | 1,000,000 steps | map 16x16 | wandb: tqlgxayp_GOOD-mixedBot
step=     2,400 ( 0.2%) | ep_ret=n/a  win=n/a | loss=0.1768 | r_int=0.0105 | 694 sps | ETA 23m 58s
step=     4,800 ( 0.5%) | ep_ret=n/a  win=n/a | loss=0.1711 | r_int=-0.0320 | 677 sps | ETA 24m 29s
step=     7,200 ( 0.7%) | ep_ret=n/a  win=n/a | loss=0.1673 | r_int=-0.0175 | 723 sps | ETA 22m 53s
step=     9,600 ( 1.0%) | ep_ret=n/a  win=n/a | loss=0.1841 | r_int=0.0133 | 739 sps | ETA 22m 20s
step=    12,000 ( 1.2%) | ep_ret=n/a  win=n/a | loss=0.2480 | r_int=0.0388 | 746 sps | ETA 22m 04s
step=    14,400 ( 1.4%) | ep_ret=n/a  win=n/a | loss=0.3091 | r_int=0.0262 | 742 sps | ETA 22m 08s
step=    16,800 ( 1.7%) | ep_ret=n/a  win=n/a | loss=0.2491 | r_int=-0.0828 | 706 sps | ETA 23m 13s
step=    19,200 ( 1.9%) | ep_ret=n/a  win=n/a | loss=1.4720 | r_int=-0.1106 | 607 sps | ETA 26m 55s
step=    21,600 ( 2.2%) | ep_ret=n/a  win=n/a | loss=0.6769 | r_int=-0.0715 | 530 sps | ETA 30m 47s
step=    24,000 ( 2.4%) | ep_ret=n/a  win=n/a | loss=1.4094 | r_int=-0.0558 | 477 sps | ETA 34m 07s
step=    26,400 ( 2.6%) | ep_ret=n/a  win=n/a | loss=0.6529 | r_int=-0.0607 | 442 sps | ETA 36m 43s
step=    28,800 ( 2.9%) | ep_ret=n/a  win=n/a | loss=1.4728 | r_int=-0.0173 | 416 sps | ETA 38m 57s
step=    31,200 ( 3.1%) | ep_ret=n/a  win=n/a | loss=1.4893 | r_int=-0.0251 | 399 sps | ETA 40m 26s
step=    33,600 ( 3.4%) | ep_ret=n/a  win=n/a | loss=2.4223 | r_int=-0.0091 | 385 sps | ETA 41m 49s
step=    36,000 ( 3.6%) | ep_ret=n/a  win=n/a | loss=0.7723 | r_int=-0.0363 | 378 sps | ETA 42m 32s
step=    38,400 ( 3.8%) | ep_ret=n/a  win=n/a | loss=0.8995 | r_int=-0.0225 | 369 sps | ETA 43m 28s
step=    40,800 ( 4.1%) | ep_ret=n/a  win=n/a | loss=0.7982 | r_int=-0.0389 | 363 sps | ETA 44m 04s
step=    43,200 ( 4.3%) | ep_ret=n/a  win=n/a | loss=1.1238 | r_int=-0.0360 | 357 sps | ETA 44m 38s
step=    45,600 ( 4.6%) | ep_ret=n/a  win=n/a | loss=0.7469 | r_int=-0.0718 | 352 sps | ETA 45m 07s
step=    48,000 ( 4.8%) | ep_ret=n/a  win=n/a | loss=1.4977 | r_int=-0.0402 | 348 sps | ETA 45m 35s
step=    50,400 ( 5.0%) | ep_ret=n/a  win=n/a | loss=0.9864 | r_int=-0.0286 | 345 sps | ETA 45m 49s
step=    52,800 ( 5.3%) | ep_ret=n/a  win=n/a | loss=1.4232 | r_int=-0.0533 | 341 sps | ETA 46m 18s
step=    55,200 ( 5.5%) | ep_ret=n/a  win=n/a | loss=1.6471 | r_int=-0.0171 | 337 sps | ETA 46m 44s
step=    57,600 ( 5.8%) | ep_ret=n/a  win=n/a | loss=1.4718 | r_int=-0.0182 | 335 sps | ETA 46m 54s
step=    60,000 ( 6.0%) | ep_ret=n/a  win=n/a | loss=1.1759 | r_int=-0.0206 | 335 sps | ETA 46m 47s
step=    62,400 ( 6.2%) | ep_ret=n/a  win=n/a | loss=1.5154 | r_int=-0.0372 | 334 sps | ETA 46m 49s
step=    64,800 ( 6.5%) | ep_ret=n/a  win=n/a | loss=1.4199 | r_int=-0.0197 | 333 sps | ETA 46m 46s
step=    67,200 ( 6.7%) | ep_ret=n/a  win=n/a | loss=1.4729 | r_int=-0.0429 | 332 sps | ETA 46m 46s
step=    69,600 ( 7.0%) | ep_ret=n/a  win=n/a | loss=1.4009 | r_int=-0.0394 | 332 sps | ETA 46m 45s
step=    72,000 ( 7.2%) | ep_ret=n/a  win=n/a | loss=1.2080 | r_int=-0.0195 | 331 sps | ETA 46m 47s
step=    74,400 ( 7.4%) | ep_ret=n/a  win=n/a | loss=0.9404 | r_int=-0.0316 | 330 sps | ETA 46m 43s
step=    76,800 ( 7.7%) | ep_ret=n/a  win=n/a | loss=1.1807 | r_int=-0.0452 | 329 sps | ETA 46m 46s
step=    79,200 ( 7.9%) | ep_ret=n/a  win=n/a | loss=1.2775 | r_int=-0.0382 | 329 sps | ETA 46m 41s
step=    81,600 ( 8.2%) | ep_ret=n/a  win=n/a | loss=1.1567 | r_int=-0.0344 | 327 sps | ETA 46m 44s
step=    84,000 ( 8.4%) | ep_ret=n/a  win=n/a | loss=1.2273 | r_int=-0.0396 | 327 sps | ETA 46m 38s
step=    86,400 ( 8.6%) | ep_ret=n/a  win=n/a | loss=1.3046 | r_int=-0.0014 | 327 sps | ETA 46m 35s
step=    88,800 ( 8.9%) | ep_ret=n/a  win=n/a | loss=1.8792 | r_int=-0.0155 | 326 sps | ETA 46m 33s
step=    91,200 ( 9.1%) | ep_ret=n/a  win=n/a | loss=0.7924 | r_int=-0.0454 | 326 sps | ETA 46m 24s
step=    93,600 ( 9.4%) | ep_ret=n/a  win=n/a | loss=1.0300 | r_int=-0.0234 | 327 sps | ETA 46m 16s
step=    96,000 ( 9.6%) | ep_ret=n/a  win=n/a | loss=0.8509 | r_int=0.0016 | 327 sps | ETA 46m 08s
step=    98,400 ( 9.8%) | ep_ret=n/a  win=n/a | loss=0.9383 | r_int=-0.0012 | 327 sps | ETA 45m 58s
step=   100,800 (10.1%) | ep_ret=n/a  win=n/a | loss=1.2313 | r_int=-0.0081 | 327 sps | ETA 45m 53s
[34m[1mwandb[0m: [33mWARNING[0m Symlinked 1 file into the W&B run directory; call wandb.save again to sync new files.
Checkpoint saved → models/tqlgxayp_GOOD-mixedBot_step=100800.pt
[eval] step=100,800 | playing 50 games vs mixedBot...
[eval] step=100,800 | winrate=98.0% (target 90%)
[34m[1mwandb[0m: [33mWARNING[0m Symlinked 1 file into the W&B run directory; call wandb.save again to sync new files.
Early stopping: winrate 98.0% >= 90%
